Archive member included to satisfy reference by file (symbol)

k:/program files (x86)/atmel/studio/7.0/toolchain/avr8/avr8-gnu-toolchain/bin/../lib/gcc/avr/5.4.0/../../../../avr/lib/avrxmega6\libm.a(divsf3.o)
                              src/appbl.o (__divsf3)
k:/program files (x86)/atmel/studio/7.0/toolchain/avr8/avr8-gnu-toolchain/bin/../lib/gcc/avr/5.4.0/../../../../avr/lib/avrxmega6\libm.a(divsf3x.o)
                              k:/program files (x86)/atmel/studio/7.0/toolchain/avr8/avr8-gnu-toolchain/bin/../lib/gcc/avr/5.4.0/../../../../avr/lib/avrxmega6\libm.a(divsf3.o) (__divsf3x)
k:/program files (x86)/atmel/studio/7.0/toolchain/avr8/avr8-gnu-toolchain/bin/../lib/gcc/avr/5.4.0/../../../../avr/lib/avrxmega6\libm.a(fixsfsi.o)
                              src/appbl.o (__fixsfsi)
k:/program files (x86)/atmel/studio/7.0/toolchain/avr8/avr8-gnu-toolchain/bin/../lib/gcc/avr/5.4.0/../../../../avr/lib/avrxmega6\libm.a(fixunssfsi.o)
                              k:/program files (x86)/atmel/studio/7.0/toolchain/avr8/avr8-gnu-toolchain/bin/../lib/gcc/avr/5.4.0/../../../../avr/lib/avrxmega6\libm.a(fixsfsi.o) (__fixunssfsi)
k:/program files (x86)/atmel/studio/7.0/toolchain/avr8/avr8-gnu-toolchain/bin/../lib/gcc/avr/5.4.0/../../../../avr/lib/avrxmega6\libm.a(floatsisf.o)
                              src/appbl.o (__floatsisf)
k:/program files (x86)/atmel/studio/7.0/toolchain/avr8/avr8-gnu-toolchain/bin/../lib/gcc/avr/5.4.0/../../../../avr/lib/avrxmega6\libm.a(floor.o)
                              src/appbl.o (floor)
k:/program files (x86)/atmel/studio/7.0/toolchain/avr8/avr8-gnu-toolchain/bin/../lib/gcc/avr/5.4.0/../../../../avr/lib/avrxmega6\libm.a(fp_inf.o)
                              k:/program files (x86)/atmel/studio/7.0/toolchain/avr8/avr8-gnu-toolchain/bin/../lib/gcc/avr/5.4.0/../../../../avr/lib/avrxmega6\libm.a(divsf3x.o) (__fp_inf)
k:/program files (x86)/atmel/studio/7.0/toolchain/avr8/avr8-gnu-toolchain/bin/../lib/gcc/avr/5.4.0/../../../../avr/lib/avrxmega6\libm.a(fp_mintl.o)
                              k:/program files (x86)/atmel/studio/7.0/toolchain/avr8/avr8-gnu-toolchain/bin/../lib/gcc/avr/5.4.0/../../../../avr/lib/avrxmega6\libm.a(floor.o) (__fp_mintl)
k:/program files (x86)/atmel/studio/7.0/toolchain/avr8/avr8-gnu-toolchain/bin/../lib/gcc/avr/5.4.0/../../../../avr/lib/avrxmega6\libm.a(fp_mpack.o)
                              k:/program files (x86)/atmel/studio/7.0/toolchain/avr8/avr8-gnu-toolchain/bin/../lib/gcc/avr/5.4.0/../../../../avr/lib/avrxmega6\libm.a(floor.o) (__fp_mpack)
k:/program files (x86)/atmel/studio/7.0/toolchain/avr8/avr8-gnu-toolchain/bin/../lib/gcc/avr/5.4.0/../../../../avr/lib/avrxmega6\libm.a(fp_nan.o)
                              k:/program files (x86)/atmel/studio/7.0/toolchain/avr8/avr8-gnu-toolchain/bin/../lib/gcc/avr/5.4.0/../../../../avr/lib/avrxmega6\libm.a(divsf3x.o) (__fp_nan)
k:/program files (x86)/atmel/studio/7.0/toolchain/avr8/avr8-gnu-toolchain/bin/../lib/gcc/avr/5.4.0/../../../../avr/lib/avrxmega6\libm.a(fp_pscA.o)
                              k:/program files (x86)/atmel/studio/7.0/toolchain/avr8/avr8-gnu-toolchain/bin/../lib/gcc/avr/5.4.0/../../../../avr/lib/avrxmega6\libm.a(divsf3x.o) (__fp_pscA)
k:/program files (x86)/atmel/studio/7.0/toolchain/avr8/avr8-gnu-toolchain/bin/../lib/gcc/avr/5.4.0/../../../../avr/lib/avrxmega6\libm.a(fp_pscB.o)
                              k:/program files (x86)/atmel/studio/7.0/toolchain/avr8/avr8-gnu-toolchain/bin/../lib/gcc/avr/5.4.0/../../../../avr/lib/avrxmega6\libm.a(divsf3x.o) (__fp_pscB)
k:/program files (x86)/atmel/studio/7.0/toolchain/avr8/avr8-gnu-toolchain/bin/../lib/gcc/avr/5.4.0/../../../../avr/lib/avrxmega6\libm.a(fp_round.o)
                              k:/program files (x86)/atmel/studio/7.0/toolchain/avr8/avr8-gnu-toolchain/bin/../lib/gcc/avr/5.4.0/../../../../avr/lib/avrxmega6\libm.a(divsf3.o) (__fp_round)
k:/program files (x86)/atmel/studio/7.0/toolchain/avr8/avr8-gnu-toolchain/bin/../lib/gcc/avr/5.4.0/../../../../avr/lib/avrxmega6\libm.a(fp_split3.o)
                              k:/program files (x86)/atmel/studio/7.0/toolchain/avr8/avr8-gnu-toolchain/bin/../lib/gcc/avr/5.4.0/../../../../avr/lib/avrxmega6\libm.a(divsf3x.o) (__fp_split3)
k:/program files (x86)/atmel/studio/7.0/toolchain/avr8/avr8-gnu-toolchain/bin/../lib/gcc/avr/5.4.0/../../../../avr/lib/avrxmega6\libm.a(fp_trunc.o)
                              k:/program files (x86)/atmel/studio/7.0/toolchain/avr8/avr8-gnu-toolchain/bin/../lib/gcc/avr/5.4.0/../../../../avr/lib/avrxmega6\libm.a(floor.o) (__fp_trunc)
k:/program files (x86)/atmel/studio/7.0/toolchain/avr8/avr8-gnu-toolchain/bin/../lib/gcc/avr/5.4.0/../../../../avr/lib/avrxmega6\libm.a(fp_zero.o)
                              k:/program files (x86)/atmel/studio/7.0/toolchain/avr8/avr8-gnu-toolchain/bin/../lib/gcc/avr/5.4.0/../../../../avr/lib/avrxmega6\libm.a(fixunssfsi.o) (__fp_zero)
[...]
Memory Configuration

Name             Origin             Length             Attributes
text             0x00000000         0x00100000         xr
data             0x00802000         0x0000ffa0         rw !x
eeprom           0x00810000         0x00010000         rw !x
fuse             0x00820000         0x00000006         rw !x
lock             0x00830000         0x00000400         rw !x
signature        0x00840000         0x00000400         rw !x
user_signatures  0x00850000         0x00000400         rw !x
*default*        0x00000000         0xffffffff

Linker script and memory map

LOAD K:/Program Files (x86)/Atmel/Studio/7.0/Packs/atmel/XMEGAA_DFP/1.1.68/gcc/dev/atxmega192a3u/avrxmega6/crtatxmega192a3u.o
LOAD src/appbl.o
LOAD src/ASF/common/boards/user_board/init.o
LOAD src/i2c.o
LOAD src/i2c_lcd.o
LOAD src/main.o
LOAD src/menu.o
LOAD src/ws2812b.o
LOAD src/ASF/xmega/drivers/nvm/nvm.o
LOAD src/ASF/xmega/drivers/nvm/nvm_asm.o
LOAD src/ASF/xmega/drivers/cpu/ccp.o
START GROUP
LOAD k:/program files (x86)/atmel/studio/7.0/toolchain/avr8/avr8-gnu-toolchain/bin/../lib/gcc/avr/5.4.0/../../../../avr/lib/avrxmega6\libm.a
END GROUP
START GROUP
LOAD k:/program files (x86)/atmel/studio/7.0/toolchain/avr8/avr8-gnu-toolchain/bin/../lib/gcc/avr/5.4.0/avrxmega6\libgcc.a
LOAD k:/program files (x86)/atmel/studio/7.0/toolchain/avr8/avr8-gnu-toolchain/bin/../lib/gcc/avr/5.4.0/../../../../avr/lib/avrxmega6\libm.a
LOAD k:/program files (x86)/atmel/studio/7.0/toolchain/avr8/avr8-gnu-toolchain/bin/../lib/gcc/avr/5.4.0/../../../../avr/lib/avrxmega6\libc.a
LOAD K:/Program Files (x86)/Atmel/Studio/7.0/Packs/atmel/XMEGAA_DFP/1.1.68/gcc/dev/atxmega192a3u/avrxmega6\libatxmega192a3u.a
END GROUP
                0x00000000                __TEXT_REGION_ORIGIN__ = DEFINED (__TEXT_REGION_ORIGIN__)?__TEXT_REGION_ORIGIN__:0x0
                0x00802000                __DATA_REGION_ORIGIN__ = DEFINED (__DATA_REGION_ORIGIN__)?__DATA_REGION_ORIGIN__:0x802000
                0x00100000                __TEXT_REGION_LENGTH__ = DEFINED (__TEXT_REGION_LENGTH__)?__TEXT_REGION_LENGTH__:0x100000
                0x0000ffa0                __DATA_REGION_LENGTH__ = DEFINED (__DATA_REGION_LENGTH__)?__DATA_REGION_LENGTH__:0xffa0
                0x00010000                __EEPROM_REGION_LENGTH__ = DEFINED (__EEPROM_REGION_LENGTH__)?__EEPROM_REGION_LENGTH__:0x10000
                [0x00000006]                __FUSE_REGION_LENGTH__ = DEFINED (__FUSE_REGION_LENGTH__)?__FUSE_REGION_LENGTH__:0x400
                0x00000400                __LOCK_REGION_LENGTH__ = DEFINED (__LOCK_REGION_LENGTH__)?__LOCK_REGION_LENGTH__:0x400
                0x00000400                __SIGNATURE_REGION_LENGTH__ = DEFINED (__SIGNATURE_REGION_LENGTH__)?__SIGNATURE_REGION_LENGTH__:0x400
                0x00000400                __USER_SIGNATURE_REGION_LENGTH__ = DEFINED (__USER_SIGNATURE_REGION_LENGTH__)?__USER_SIGNATURE_REGION_LENGTH__:0x400

.hash
 *(.hash)

.dynsym
 *(.dynsym)

.dynstr
 *(.dynstr)

.gnu.version
 *(.gnu.version)

.gnu.version_d
 *(.gnu.version_d)

.gnu.version_r
 *(.gnu.version_r)

.rel.init
 *(.rel.init)

.rela.init
 *(.rela.init)

.rel.text
 *(.rel.text)
 *(.rel.text.*)
 *(.rel.gnu.linkonce.t*)

.rela.text
 *(.rela.text)
 *(.rela.text.*)
 *(.rela.gnu.linkonce.t*)

.rel.fini
 *(.rel.fini)

.rela.fini
 *(.rela.fini)

.rel.rodata
 *(.rel.rodata)
 *(.rel.rodata.*)
 *(.rel.gnu.linkonce.r*)

.rela.rodata
 *(.rela.rodata)
 *(.rela.rodata.*)
 *(.rela.gnu.linkonce.r*)

.rel.data
 *(.rel.data)
 *(.rel.data.*)
 *(.rel.gnu.linkonce.d*)

.rela.data
 *(.rela.data)
 *(.rela.data.*)
 *(.rela.gnu.linkonce.d*)

.rel.ctors
 *(.rel.ctors)

.rela.ctors
 *(.rela.ctors)

.rel.dtors
 *(.rel.dtors)

.rela.dtors
 *(.rela.dtors)

.rel.got
 *(.rel.got)

.rela.got
 *(.rela.got)

.rel.bss
 *(.rel.bss)

.rela.bss
 *(.rela.bss)

.rel.plt
 *(.rel.plt)

.rela.plt
 *(.rela.plt)

.text           0x00000000     0x3eba
 *(.vectors)
 .vectors       0x00000000      0x1fc K:/Program Files (x86)/Atmel/Studio/7.0/Packs/atmel/XMEGAA_DFP/1.1.68/gcc/dev/atxmega192a3u/avrxmega6/crtatxmega192a3u.o
                0x00000000                __vector_default
                0x00000000                __vectors
 *(.vectors)
 *(.progmem.gcc*)
 .progmem.gcc_sw_table.updatePixels
                0x000001fc       0x12 src/appbl.o
 .progmem.gcc_sw_table.__vector_77
                0x0000020e        0xe src/appbl.o
 .progmem.gcc_sw_table.__vector_14
                0x0000021c      0x282 src/menu.o
 .progmem.gcc_sw_table.__vector_47
                0x0000049e       0x36 src/menu.o
                0x000004d4                . = ALIGN (0x2)
                0x000004d4                __trampolines_start = .
 *(.trampolines)
 .trampolines   0x000004d4        0x0 linker stubs
 *(.trampolines*)
                0x000004d4                __trampolines_end = .
 *libprintf_flt.a:*(.progmem.data)
 *libc.a:*(.progmem.data)
 *(.progmem*)
 .progmem.data.modeNames
                0x000004d4        0x4 src/menu.o
                0x000004d4                modeNames
 .progmem.data.curveNames
                0x000004d8        0x8 src/menu.o
                0x000004d8                curveNames
 .progmem.data.animationTriggerNames
                0x000004e0        0xe src/menu.o
                0x000004e0                animationTriggerNames
 .progmem.data.animationNames
                0x000004ee       0x12 src/menu.o
                0x000004ee                animationNames
                0x00000500                . = ALIGN (0x2)
 *(.jumptables)
 *(.jumptables*)
 *(.lowtext)
 *(.lowtext*)
                0x00000500                __ctors_start = .
 *(.ctors)
                0x00000500                __ctors_end = .
                0x00000500                __dtors_start = .
 *(.dtors)
                0x00000500                __dtors_end = .
 SORT(*)(.ctors)
 SORT(*)(.dtors)
 *(.init0)
 .init0         0x00000500        0x0 K:/Program Files (x86)/Atmel/Studio/7.0/Packs/atmel/XMEGAA_DFP/1.1.68/gcc/dev/atxmega192a3u/avrxmega6/crtatxmega192a3u.o
                0x00000500                __init
 *(.init0)
 *(.init1)
 *(.init1)
 *(.init2)
 .init2         0x00000500       0x10 K:/Program Files (x86)/Atmel/Studio/7.0/Packs/atmel/XMEGAA_DFP/1.1.68/gcc/dev/atxmega192a3u/avrxmega6/crtatxmega192a3u.o
 *(.init2)
 *(.init3)
 *(.init3)
 *(.init4)
 .init4         0x00000510       0x1a k:/program files (x86)/atmel/studio/7.0/toolchain/avr8/avr8-gnu-toolchain/bin/../lib/gcc/avr/5.4.0/avrxmega6\libgcc.a(_copy_data.o)
                0x00000510                __do_copy_data
 .init4         0x0000052a       0x10 k:/program files (x86)/atmel/studio/7.0/toolchain/avr8/avr8-gnu-toolchain/bin/../lib/gcc/avr/5.4.0/avrxmega6\libgcc.a(_clear_bss.o)
                0x0000052a                __do_clear_bss
 *(.init4)
 *(.init5)
 *(.init5)
 *(.init6)
 *(.init6)
 *(.init7)
 *(.init7)
 *(.init8)
 *(.init8)
 *(.init9)
 .init9         0x0000053a        0x8 K:/Program Files (x86)/Atmel/Studio/7.0/Packs/atmel/XMEGAA_DFP/1.1.68/gcc/dev/atxmega192a3u/avrxmega6/crtatxmega192a3u.o
 *(.init9)
 *(.text)
 .text          0x00000542        0x2 K:/Program Files (x86)/Atmel/Studio/7.0/Packs/atmel/XMEGAA_DFP/1.1.68/gcc/dev/atxmega192a3u/avrxmega6/crtatxmega192a3u.o
                0x00000542                __vector_38
                0x00000542                __vector_104
                0x00000542                __vector_22
                0x00000542                __vector_63
                0x00000542                __vector_28
                0x00000542                __vector_67
                0x00000542                __vector_1
                0x00000542                __vector_119
                0x00000542                __vector_32
                0x00000542                __vector_75
                0x00000542                __vector_71
                0x00000542                __vector_91
                0x00000542                __vector_34
                0x00000542                __vector_62
                0x00000542                __vector_102
                0x00000542                __vector_24
                0x00000542                __vector_12
                0x00000542                __vector_55
                0x00000542                __vector_69
                0x00000542                __vector_81
                0x00000542                __vector_90
                0x00000542                __vector_46
                0x00000542                __bad_interrupt
                0x00000542                __vector_122
                0x00000542                __vector_72
                0x00000542                __vector_114
                0x00000542                __vector_6
                0x00000542                __vector_110
                0x00000542                __vector_31
                0x00000542                __vector_92
                0x00000542                __vector_35
                0x00000542                __vector_78
                0x00000542                __vector_74
                0x00000542                __vector_117
                0x00000542                __vector_39
                0x00000542                __vector_107
                0x00000542                __vector_3
                0x00000542                __vector_105
                0x00000542                __vector_98
                0x00000542                __vector_23
                0x00000542                __vector_68
                0x00000542                __vector_30
                0x00000542                __vector_73
                0x00000542                __vector_45
                0x00000542                __vector_25
                0x00000542                __vector_93
                0x00000542                __vector_61
                0x00000542                __vector_11
                0x00000542                __vector_54
                0x00000542                __vector_99
                0x00000542                __vector_13
                0x00000542                __vector_17
                0x00000542                __vector_19
                0x00000542                __vector_56
                0x00000542                __vector_7
                0x00000542                __vector_125
                0x00000542                __vector_49
                0x00000542                __vector_123
                0x00000542                __vector_41
                0x00000542                __vector_86
                0x00000542                __vector_100
                0x00000542                __vector_101
                0x00000542                __vector_109
                0x00000542                __vector_43
                0x00000542                __vector_27
                0x00000542                __vector_5
                0x00000542                __vector_113
                0x00000542                __vector_33
                0x00000542                __vector_76
                0x00000542                __vector_115
                0x00000542                __vector_52
                0x00000542                __vector_37
                0x00000542                __vector_95
                0x00000542                __vector_103
                0x00000542                __vector_96
                0x00000542                __vector_89
                0x00000542                __vector_108
                0x00000542                __vector_44
                0x00000542                __vector_82
                0x00000542                __vector_106
                0x00000542                __vector_118
                0x00000542                __vector_51
                0x00000542                __vector_9
                0x00000542                __vector_2
                0x00000542                __vector_21
                0x00000542                __vector_15
                0x00000542                __vector_66
                0x00000542                __vector_36
                0x00000542                __vector_79
                0x00000542                __vector_58
                0x00000542                __vector_70
                0x00000542                __vector_83
                0x00000542                __vector_29
                0x00000542                __vector_60
                0x00000542                __vector_121
                0x00000542                __vector_40
                0x00000542                __vector_85
                0x00000542                __vector_94
                0x00000542                __vector_126
                0x00000542                __vector_8
                0x00000542                __vector_26
                0x00000542                __vector_48
                0x00000542                __vector_124
                0x00000542                __vector_116
                0x00000542                __vector_112
                0x00000542                __vector_111
                0x00000542                __vector_80
                0x00000542                __vector_84
                0x00000542                __vector_57
                0x00000542                __vector_50
                0x00000542                __vector_16
                0x00000542                __vector_59
                0x00000542                __vector_18
                0x00000542                __vector_97
                0x00000542                __vector_42
                0x00000542                __vector_87
                0x00000542                __vector_65
                0x00000542                __vector_120
                0x00000544                . = ALIGN (0x2)
 *(.text.*)
 .text.clipValue
                0x00000544       0xa6 src/appbl.o
                0x00000544                clipValue
 .text.updatePixels
                0x000005ea      0x68a src/appbl.o
                0x000005ea                updatePixels
 .text.__vector_20
                0x00000c74      0x1c0 src/appbl.o
                0x00000c74                __vector_20
 .text.__vector_77
                0x00000e34      0x250 src/appbl.o
                0x00000e34                __vector_77
 .text.i2c_init
                0x00001084       0x10 src/i2c.o
                0x00001084                i2c_init
 .text.i2c_start
                0x00001094       0x40 src/i2c.o
                0x00001094                i2c_start
 .text.i2c_stop
                0x000010d4        0xc src/i2c.o
                0x000010d4                i2c_stop
 .text.i2c_write
                0x000010e0       0x1c src/i2c.o
                0x000010e0                i2c_write
 .text.i2c_lcd_write_status
                0x000010fc       0x1c src/i2c_lcd.o
                0x000010fc                i2c_lcd_write_status
 .text.i2c_lcd_data_part
                0x00001118       0x42 src/i2c_lcd.o
                0x00001118                i2c_lcd_data_part
 .text.i2c_lcd_write
                0x0000115a       0x54 src/i2c_lcd.o
                0x0000115a                i2c_lcd_write
 .text.i2c_lcd_write_instruction
                0x000011ae        0xe src/i2c_lcd.o
                0x000011ae                i2c_lcd_write_instruction
 .text.i2c_lcd_clear
                0x000011bc        0xa src/i2c_lcd.o
                0x000011bc                i2c_lcd_clear
 .text.i2c_lcd_set_cursor
                0x000011c6       0x16 src/i2c_lcd.o
                0x000011c6                i2c_lcd_set_cursor
 .text.i2c_lcd_write_data
                0x000011dc       0x3a src/i2c_lcd.o
                0x000011dc                i2c_lcd_write_data
 .text.i2c_lcd_write_text
                0x00001216       0x1c src/i2c_lcd.o
                0x00001216                i2c_lcd_write_text
 .text.i2c_lcd_led_on
                0x00001232        0xe src/i2c_lcd.o
                0x00001232                i2c_lcd_led_on
 .text.i2c_lcd_led_off
                0x00001240        0xe src/i2c_lcd.o
                0x00001240                i2c_lcd_led_off
 .text.i2c_lcd_init
                0x0000124e       0x88 src/i2c_lcd.o
                0x0000124e                i2c_lcd_init
 .text.__vector_10
                0x000012d6       0xf0 src/main.o
                0x000012d6                __vector_10
 .text.__vector_53
                0x000013c6       0x4a src/main.o
                0x000013c6                __vector_53
 .text.__vector_88
                0x00001410      0x1d0 src/main.o
                0x00001410                __vector_88
 .text.main     0x000015e0      0x35a src/main.o
                0x000015e0                main
 .text.__vector_14
                0x0000193a      0xb5c src/menu.o
                0x0000193a                __vector_14
 .text.WriteConfigToNVM
                0x00002496       0xb0 src/menu.o
                0x00002496                WriteConfigToNVM
 .text.ReadConfigFromNVM
                0x00002546      0x166 src/menu.o
                0x00002546                ReadConfigFromNVM
 .text.updateMenuState
                0x000026ac      0x216 src/menu.o
                0x000026ac                updateMenuState
 .text.__vector_47
                0x000028c2      0x51a src/menu.o
                0x000028c2                __vector_47
 .text.loadPresetFactory
                0x00002ddc       0x6a src/menu.o
                0x00002ddc                loadPresetFactory
 .text.__vector_4
                0x00002e46       0x84 src/menu.o
                0x00002e46                __vector_4
 .text.__vector_64
                0x00002eca      0x2e6 src/menu.o
                0x00002eca                __vector_64
 .text.sendPixel
                0x000031b0       0xea src/ws2812b.o
                0x000031b0                sendPixel
 .text.nvm_eeprom_read_buffer
                0x0000329a       0x30 src/ASF/xmega/drivers/nvm/nvm.o
                0x0000329a                nvm_eeprom_read_buffer
 .text.nvm_eeprom_load_byte_to_buffer
                0x000032ca       0x24 src/ASF/xmega/drivers/nvm/nvm.o
                0x000032ca                nvm_eeprom_load_byte_to_buffer
 .text.nvm_eeprom_load_page_to_buffer
                0x000032ee       0x2c src/ASF/xmega/drivers/nvm/nvm.o
                0x000032ee                nvm_eeprom_load_page_to_buffer
 .text.nvm_eeprom_atomic_write_page
                0x0000331a       0x3a src/ASF/xmega/drivers/nvm/nvm.o
                0x0000331a                nvm_eeprom_atomic_write_page
 .text.ccp_write_io
                0x00003354        0xc src/ASF/xmega/drivers/cpu/ccp.o
                0x00003354                ccp_write_io
 .text.avr-libc.fplib
                0x00003360        0x4 k:/program files (x86)/atmel/studio/7.0/toolchain/avr8/avr8-gnu-toolchain/bin/../lib/gcc/avr/5.4.0/../../../../avr/lib/avrxmega6\libm.a(divsf3.o)
                0x00003360                __divsf3
 .text.avr-libc.fplib
                0x00003364       0xcc k:/program files (x86)/atmel/studio/7.0/toolchain/avr8/avr8-gnu-toolchain/bin/../lib/gcc/avr/5.4.0/../../../../avr/lib/avrxmega6\libm.a(divsf3x.o)
                0x0000337a                __divsf3x
                0x0000337e                __divsf3_pse
 .text.avr-libc.fplib
                0x00003430        0xa k:/program files (x86)/atmel/studio/7.0/toolchain/avr8/avr8-gnu-toolchain/bin/../lib/gcc/avr/5.4.0/../../../../avr/lib/avrxmega6\libm.a(fixsfsi.o)
                0x00003430                __fixsfsi
 .text.avr-libc.fplib
                0x0000343a       0x58 k:/program files (x86)/atmel/studio/7.0/toolchain/avr8/avr8-gnu-toolchain/bin/../lib/gcc/avr/5.4.0/../../../../avr/lib/avrxmega6\libm.a(fixunssfsi.o)
                0x0000343a                __fixunssfsi
 .text.avr-libc.fplib
                0x00003492       0x7a k:/program files (x86)/atmel/studio/7.0/toolchain/avr8/avr8-gnu-toolchain/bin/../lib/gcc/avr/5.4.0/../../../../avr/lib/avrxmega6\libm.a(floatsisf.o)
                0x00003492                __floatunsisf
                0x00003496                __floatsisf
 .text.avr-libc.fplib
                0x0000350c       0x26 k:/program files (x86)/atmel/studio/7.0/toolchain/avr8/avr8-gnu-toolchain/bin/../lib/gcc/avr/5.4.0/../../../../avr/lib/avrxmega6\libm.a(floor.o)
                0x0000350c                floor
 .text.avr-libc.fplib
                0x00003532        0xc k:/program files (x86)/atmel/studio/7.0/toolchain/avr8/avr8-gnu-toolchain/bin/../lib/gcc/avr/5.4.0/../../../../avr/lib/avrxmega6\libm.a(fp_inf.o)
                0x00003532                __fp_inf
 .text.avr-libc.fplib
                0x0000353e       0x36 k:/program files (x86)/atmel/studio/7.0/toolchain/avr8/avr8-gnu-toolchain/bin/../lib/gcc/avr/5.4.0/../../../../avr/lib/avrxmega6\libm.a(fp_mintl.o)
                0x0000353e                __fp_mintl
 .text.avr-libc.fplib
                0x00003574       0x1c k:/program files (x86)/atmel/studio/7.0/toolchain/avr8/avr8-gnu-toolchain/bin/../lib/gcc/avr/5.4.0/../../../../avr/lib/avrxmega6\libm.a(fp_mpack.o)
                0x00003574                __fp_mpack
                0x00003578                __fp_mpack_finite
 .text.avr-libc.fplib
                0x00003590        0x6 k:/program files (x86)/atmel/studio/7.0/toolchain/avr8/avr8-gnu-toolchain/bin/../lib/gcc/avr/5.4.0/../../../../avr/lib/avrxmega6\libm.a(fp_nan.o)
                0x00003590                __fp_nan
 .text.avr-libc.fplib
                0x00003596        0xe k:/program files (x86)/atmel/studio/7.0/toolchain/avr8/avr8-gnu-toolchain/bin/../lib/gcc/avr/5.4.0/../../../../avr/lib/avrxmega6\libm.a(fp_pscA.o)
                0x00003596                __fp_pscA
 .text.avr-libc.fplib
                0x000035a4        0xe k:/program files (x86)/atmel/studio/7.0/toolchain/avr8/avr8-gnu-toolchain/bin/../lib/gcc/avr/5.4.0/../../../../avr/lib/avrxmega6\libm.a(fp_pscB.o)
                0x000035a4                __fp_pscB
 .text.avr-libc.fplib
                0x000035b2       0x22 k:/program files (x86)/atmel/studio/7.0/toolchain/avr8/avr8-gnu-toolchain/bin/../lib/gcc/avr/5.4.0/../../../../avr/lib/avrxmega6\libm.a(fp_round.o)
                0x000035b2                __fp_round
 .text.avr-libc.fplib
                0x000035d4       0x44 k:/program files (x86)/atmel/studio/7.0/toolchain/avr8/avr8-gnu-toolchain/bin/../lib/gcc/avr/5.4.0/../../../../avr/lib/avrxmega6\libm.a(fp_split3.o)
                0x000035d4                __fp_split3
                0x000035e4                __fp_splitA
 .text.avr-libc.fplib
                0x00003618       0x2e k:/program files (x86)/atmel/studio/7.0/toolchain/avr8/avr8-gnu-toolchain/bin/../lib/gcc/avr/5.4.0/../../../../avr/lib/avrxmega6\libm.a(fp_trunc.o)
                0x00003618                __fp_trunc
 .text.avr-libc.fplib
                0x00003646        0xe k:/program files (x86)/atmel/studio/7.0/toolchain/avr8/avr8-gnu-toolchain/bin/../lib/gcc/avr/5.4.0/../../../../avr/lib/avrxmega6\libm.a(fp_zero.o)
                0x00003646                __fp_zero
                0x00003648                __fp_szero
 .text.avr-libc.fplib
                0x00003654        0x4 k:/program files (x86)/atmel/studio/7.0/toolchain/avr8/avr8-gnu-toolchain/bin/../lib/gcc/avr/5.4.0/../../../../avr/lib/avrxmega6\libm.a(mulsf3.o)
                0x00003654                __mulsf3
 .text.avr-libc.fplib
                0x00003658       0xc2 k:/program files (x86)/atmel/studio/7.0/toolchain/avr8/avr8-gnu-toolchain/bin/../lib/gcc/avr/5.4.0/../../../../avr/lib/avrxmega6\libm.a(mulsf3x.o)
                0x0000366c                __mulsf3x
                0x00003670                __mulsf3_pse
 .text.libgcc.div
                0x0000371a       0x28 k:/program files (x86)/atmel/studio/7.0/toolchain/avr8/avr8-gnu-toolchain/bin/../lib/gcc/avr/5.4.0/avrxmega6\libgcc.a(_udivmodhi4.o)
                0x0000371a                __udivmodhi4
 .text.libgcc.div
                0x00003742       0x26 k:/program files (x86)/atmel/studio/7.0/toolchain/avr8/avr8-gnu-toolchain/bin/../lib/gcc/avr/5.4.0/avrxmega6\libgcc.a(_divmodhi4.o)
                0x00003742                _div
                0x00003742                __divmodhi4
 .text.libgcc   0x00003768       0x10 k:/program files (x86)/atmel/studio/7.0/toolchain/avr8/avr8-gnu-toolchain/bin/../lib/gcc/avr/5.4.0/avrxmega6\libgcc.a(_tablejump2.o)
                0x00003768                __tablejump2__
 .text.avr-libc
                0x00003778       0xaa k:/program files (x86)/atmel/studio/7.0/toolchain/avr8/avr8-gnu-toolchain/bin/../lib/gcc/avr/5.4.0/../../../../avr/lib/avrxmega6\libc.a(rand.o)
                0x00003804                rand_r
                0x00003806                rand
                0x0000380c                srand
 .text.avr-libc
                0x00003822       0x12 k:/program files (x86)/atmel/studio/7.0/toolchain/avr8/avr8-gnu-toolchain/bin/../lib/gcc/avr/5.4.0/../../../../avr/lib/avrxmega6\libc.a(memcpy.o)
                0x00003822                memcpy
 .text.avr-libc
                0x00003834        0xe k:/program files (x86)/atmel/studio/7.0/toolchain/avr8/avr8-gnu-toolchain/bin/../lib/gcc/avr/5.4.0/../../../../avr/lib/avrxmega6\libc.a(strcpy.o)
                0x00003834                strcpy
 .text.avr-libc
                0x00003842       0x6c k:/program files (x86)/atmel/studio/7.0/toolchain/avr8/avr8-gnu-toolchain/bin/../lib/gcc/avr/5.4.0/../../../../avr/lib/avrxmega6\libc.a(snprintf.o)
                0x00003842                snprintf
 .text.avr-libc
                0x000038ae      0x3ee k:/program files (x86)/atmel/studio/7.0/toolchain/avr8/avr8-gnu-toolchain/bin/../lib/gcc/avr/5.4.0/../../../../avr/lib/avrxmega6\libc.a(vfprintf_std.o)
                0x000038ae                vfprintf
 .text.avr-libc
                0x00003c9c       0x16 k:/program files (x86)/atmel/studio/7.0/toolchain/avr8/avr8-gnu-toolchain/bin/../lib/gcc/avr/5.4.0/../../../../avr/lib/avrxmega6\libc.a(strnlen_P.o)
                0x00003c9c                strnlen_P
 .text.avr-libc
                0x00003cb2       0x16 k:/program files (x86)/atmel/studio/7.0/toolchain/avr8/avr8-gnu-toolchain/bin/../lib/gcc/avr/5.4.0/../../../../avr/lib/avrxmega6\libc.a(strnlen.o)
                0x00003cb2                strnlen
 .text.avr-libc
                0x00003cc8       0x78 k:/program files (x86)/atmel/studio/7.0/toolchain/avr8/avr8-gnu-toolchain/bin/../lib/gcc/avr/5.4.0/../../../../avr/lib/avrxmega6\libc.a(fputc.o)
                0x00003cc8                fputc
 .text.avr-libc
                0x00003d40       0xbc k:/program files (x86)/atmel/studio/7.0/toolchain/avr8/avr8-gnu-toolchain/bin/../lib/gcc/avr/5.4.0/../../../../avr/lib/avrxmega6\libc.a(ultoa_invert.o)
                0x00003d40                __ultoa_invert
 .text.libgcc.div
                0x00003dfc       0x28 k:/program files (x86)/atmel/studio/7.0/toolchain/avr8/avr8-gnu-toolchain/bin/../lib/gcc/avr/5.4.0/avrxmega6\libgcc.a(_divmodsi4.o)
                0x00003dfc                __divmodsi4
 .text.libgcc.div
                0x00003e24       0x10 k:/program files (x86)/atmel/studio/7.0/toolchain/avr8/avr8-gnu-toolchain/bin/../lib/gcc/avr/5.4.0/avrxmega6\libgcc.a(_negsi2.o)
                0x00003e24                __negsi2
 .text.libgcc.mul
                0x00003e34       0x14 k:/program files (x86)/atmel/studio/7.0/toolchain/avr8/avr8-gnu-toolchain/bin/../lib/gcc/avr/5.4.0/avrxmega6\libgcc.a(_muluhisi3.o)
                0x00003e34                __muluhisi3
 .text.libgcc.mul
                0x00003e48        0xc k:/program files (x86)/atmel/studio/7.0/toolchain/avr8/avr8-gnu-toolchain/bin/../lib/gcc/avr/5.4.0/avrxmega6\libgcc.a(_mulshisi3.o)
                0x00003e48                __mulshisi3
                0x00003e4c                __mulohisi3
 .text.libgcc.div
                0x00003e54       0x44 k:/program files (x86)/atmel/studio/7.0/toolchain/avr8/avr8-gnu-toolchain/bin/../lib/gcc/avr/5.4.0/avrxmega6\libgcc.a(_udivmodsi4.o)
                0x00003e54                __udivmodsi4
 .text.libgcc.mul
                0x00003e98       0x1e k:/program files (x86)/atmel/studio/7.0/toolchain/avr8/avr8-gnu-toolchain/bin/../lib/gcc/avr/5.4.0/avrxmega6\libgcc.a(_umulhisi3.o)
                0x00003e98                __umulhisi3
                0x00003eb6                . = ALIGN (0x2)
 *(.fini9)
 .fini9         0x00003eb6        0x0 k:/program files (x86)/atmel/studio/7.0/toolchain/avr8/avr8-gnu-toolchain/bin/../lib/gcc/avr/5.4.0/avrxmega6\libgcc.a(_exit.o)
                0x00003eb6                _exit
                0x00003eb6                exit
 *(.fini9)
 *(.fini8)
 *(.fini8)
 *(.fini7)
 *(.fini7)
 *(.fini6)
 *(.fini6)
 *(.fini5)
 *(.fini5)
 *(.fini4)
 *(.fini4)
 *(.fini3)
 *(.fini3)
 *(.fini2)
 *(.fini2)
 *(.fini1)
 *(.fini1)
 *(.fini0)
 .fini0         0x00003eb6        0x4 k:/program files (x86)/atmel/studio/7.0/toolchain/avr8/avr8-gnu-toolchain/bin/../lib/gcc/avr/5.4.0/avrxmega6\libgcc.a(_exit.o)
 *(.fini0)
                0x00003eba                _etext = .

.data           0x00802000      0xd3e load address 0x00003eba
                0x00802000                PROVIDE (__data_start, .)
 *(.data)
 .data          0x00802000        0x4 k:/program files (x86)/atmel/studio/7.0/toolchain/avr8/avr8-gnu-toolchain/bin/../lib/gcc/avr/5.4.0/../../../../avr/lib/avrxmega6\libc.a(rand.o)
 *(.data*)
 .data.speedCoeficient
                0x00802004        0x2 src/appbl.o
                0x00802004                speedCoeficient
 .data.A_CFIXEDEQ_ARR
                0x00802006       0x46 src/appbl.o
                0x00802006                A_CFIXEDEQ_ARR
 .data.A_CFIXEDEQ_STATE_SIZE
                0x0080204c        0x2 src/appbl.o
                0x0080204c                A_CFIXEDEQ_STATE_SIZE
 .data.A_CFIXEDEQ_SMOOTH
                0x0080204e        0x1 src/appbl.o
                0x0080204e                A_CFIXEDEQ_SMOOTH
 .data.A_CMOVINGEQR_ARR
                0x0080204f       0x6e src/appbl.o
                0x0080204f                A_CMOVINGEQR_ARR
 .data.A_CMOVINGEQ_STATE_SIZE
                0x008020bd        0x2 src/appbl.o
                0x008020bd                A_CMOVINGEQ_STATE_SIZE
 .data.A_CMOVINGEQ_SMOOTH
                0x008020bf        0x1 src/appbl.o
                0x008020bf                A_CMOVINGEQ_SMOOTH
 .data.A_FILLCENTER_ARR
                0x008020c0       0x46 src/appbl.o
                0x008020c0                A_FILLCENTER_ARR
 .data.A_FILLCENTER_STATE_SIZE
                0x00802106        0x2 src/appbl.o
                0x00802106                A_FILLCENTER_STATE_SIZE
 .data.A_FILLCENTER_SMOOTH
                0x00802108        0x1 src/appbl.o
                0x00802108                A_FILLCENTER_SMOOTH
 .data.A_FIXEDEQ_ARR
                0x00802109       0x6e src/appbl.o
                0x00802109                A_FIXEDEQ_ARR
 .data.A_FIXEDEQ_STATE_SIZE
                0x00802177        0x2 src/appbl.o
                0x00802177                A_FIXEDEQ_STATE_SIZE
 .data.A_FIXEDEQ_SMOOTH
                0x00802179        0x1 src/appbl.o
                0x00802179                A_FIXEDEQ_SMOOTH
 .data.A_MOVINGEQ_ARR
                0x0080217a       0x6e src/appbl.o
                0x0080217a                A_MOVINGEQ_ARR
 .data.A_MOVINGEQ_STATE_SIZE
                0x008021e8        0x2 src/appbl.o
                0x008021e8                A_MOVINGEQ_STATE_SIZE
 .data.A_MOVINGEQ_SMOOTH
                0x008021ea        0x1 src/appbl.o
                0x008021ea                A_MOVINGEQ_SMOOTH
 .data.A_PULSES_ARR
                0x008021eb       0x6e src/appbl.o
                0x008021eb                A_PULSES_ARR
 .data.A_PULSES_STATE_SIZE
                0x00802259        0x2 src/appbl.o
                0x00802259                A_PULSES_STATE_SIZE
 .data.A_PULSES_SMOOTH
                0x0080225b        0x1 src/appbl.o
                0x0080225b                A_PULSES_SMOOTH
 .data.A_PULSEC_ARR
                0x0080225c       0x14 src/appbl.o
                0x0080225c                A_PULSEC_ARR
 .data.A_PULSEC_STATE_SIZE
                0x00802270        0x2 src/appbl.o
                0x00802270                A_PULSEC_STATE_SIZE
 .data.A_PULSEC_SMOOTH
                0x00802272        0x1 src/appbl.o
                0x00802272                A_PULSEC_SMOOTH
 .data.A_PULSE_ARR
                0x00802273       0x14 src/appbl.o
                0x00802273                A_PULSE_ARR
 .data.A_PULSE_STATE_SIZE
                0x00802287        0x2 src/appbl.o
                0x00802287                A_PULSE_STATE_SIZE
 .data.A_PULSE_SMOOTH
                0x00802289        0x1 src/appbl.o
                0x00802289                A_PULSE_SMOOTH
 .data.A_FILLL_ARR
                0x0080228a       0x6e src/appbl.o
                0x0080228a                A_FILLL_ARR
 .data.A_FILLL_STATE_SIZE
                0x008022f8        0x2 src/appbl.o
                0x008022f8                A_FILLL_STATE_SIZE
 .data.A_FILLL_SMOOTH
                0x008022fa        0x1 src/appbl.o
                0x008022fa                A_FILLL_SMOOTH
 .data.emptyString
                0x008022fb       0x10 src/menu.o
                0x008022fb                emptyString
 .data.FactoryPresets
                0x0080230b       0xdc src/menu.o
                0x0080230b                FactoryPresets
 .data.lcdLight
                0x008023e7        0x1 src/menu.o
                0x008023e7                lcdLight
 .data.boxLight
                0x008023e8        0x1 src/menu.o
                0x008023e8                boxLight
 .data.nbPixels6
                0x008023e9        0x1 src/menu.o
                0x008023e9                nbPixels6
 .data.nbPixels5
                0x008023ea        0x1 src/menu.o
                0x008023ea                nbPixels5
 .data.nbPixels4
                0x008023eb        0x1 src/menu.o
                0x008023eb                nbPixels4
 .data.nbPixels3
                0x008023ec        0x1 src/menu.o
                0x008023ec                nbPixels3
 .data.nbPixels2
                0x008023ed        0x1 src/menu.o
                0x008023ed                nbPixels2
 .data.nbPixels1
                0x008023ee        0x1 src/menu.o
                0x008023ee                nbPixels1
 .data.inputSens6
                0x008023ef        0x1 src/menu.o
                0x008023ef                inputSens6
 .data.inputSens5
                0x008023f0        0x1 src/menu.o
                0x008023f0                inputSens5
 .data.inputSens4
                0x008023f1        0x1 src/menu.o
                0x008023f1                inputSens4
 .data.inputSens3
                0x008023f2        0x1 src/menu.o
                0x008023f2                inputSens3
 .data.inputSens2
                0x008023f3        0x1 src/menu.o
                0x008023f3                inputSens2
 .data.inputSens1
                0x008023f4        0x1 src/menu.o
                0x008023f4                inputSens1
 .data.dimmer   0x008023f5        0x1 src/menu.o
                0x008023f5                dimmer
 .data.colorB2  0x008023f6        0x1 src/menu.o
                0x008023f6                colorB2
 .data.colorG2  0x008023f7        0x1 src/menu.o
                0x008023f7                colorG2
 .data.colorR2  0x008023f8        0x1 src/menu.o
                0x008023f8                colorR2
 .data.colorB1  0x008023f9        0x1 src/menu.o
                0x008023f9                colorB1
 .data.colorG1  0x008023fa        0x1 src/menu.o
                0x008023fa                colorG1
 .data.colorR1  0x008023fb        0x1 src/menu.o
                0x008023fb                colorR1
 .data.release  0x008023fc        0x1 src/menu.o
                0x008023fc                release
 .data.animation
                0x008023fd        0x1 src/menu.o
                0x008023fd                animation
 .data.dmxAddress
                0x008023fe        0x1 src/menu.o
                0x008023fe                dmxAddress
 .data.valueLCD
                0x008023ff        0x2 src/menu.o
                0x008023ff                valueLCD
 .data.titleLCD
                0x00802401        0x2 src/menu.o
                0x00802401                titleLCD
 .data.menuLastState
                0x00802403        0x2 src/menu.o
                0x00802403                menuLastState
 *(.gnu.linkonce.d*)
 *(.rodata)
 *(.rodata*)
 .rodata.CURVE_SINFADE_ARR
                0x00802405      0x100 src/appbl.o
                0x00802405                CURVE_SINFADE_ARR
 .rodata.CURVE_LOG_ARR
                0x00802505      0x100 src/appbl.o
                0x00802505                CURVE_LOG_ARR
 .rodata.CURVE_EXP_ARR
                0x00802605      0x100 src/appbl.o
                0x00802605                CURVE_EXP_ARR
 .rodata.CURVE_LINEAR_ARR
                0x00802705      0x100 src/appbl.o
                0x00802705                CURVE_LINEAR_ARR
 .rodata.str1.1
                0x00802805        0xe src/main.o
 .rodata.str1.1
                0x00802813      0x488 src/menu.o
 .rodata.MENU_L4_USERPRESETS
                0x00802c9b       0x2a src/menu.o
                0x00802c9b                MENU_L4_USERPRESETS
 .rodata.MENU_L3_USERPRESETS
                0x00802cc5        0x6 src/menu.o
                0x00802cc5                MENU_L3_USERPRESETS
 .rodata.MENU_L3_FACTORYPRESETS
                0x00802ccb       0x2a src/menu.o
                0x00802ccb                MENU_L3_FACTORYPRESETS
 .rodata.MENU_L2_SETUP
                0x00802cf5       0x1e src/menu.o
                0x00802cf5                MENU_L2_SETUP
 .rodata.MENU_L2_ACTIVATION
                0x00802d13        0xa src/menu.o
                0x00802d13                MENU_L2_ACTIVATION
 .rodata.MENU_L2_COLORS
                0x00802d1d       0x10 src/menu.o
                0x00802d1d                MENU_L2_COLORS
 .rodata.MENU_L1
                0x00802d2d       0x10 src/menu.o
                0x00802d2d                MENU_L1
 *(.gnu.linkonce.r*)
                0x00802d3e                . = ALIGN (0x2)
 *fill*         0x00802d3d        0x1 
                0x00802d3e                _edata = .
                0x00802d3e                PROVIDE (__data_end, .)

.bss            0x00802d3e      0x2d8
                0x00802d3e                PROVIDE (__bss_start, .)
 *(.bss)
 *(.bss*)
 .bss.direction
                0x00802d3e        0xc src/appbl.o
                0x00802d3e                direction
 .bss.DISPLAY_PIXELS
                0x00802d4a      0x21c src/appbl.o
                0x00802d4a                DISPLAY_PIXELS
 .bss.trig      0x00802f66        0xc src/appbl.o
                0x00802f66                trig
 .bss.ANIMATION_VALUES
                0x00802f72       0x18 src/appbl.o
                0x00802f72                ANIMATION_VALUES
 .bss.lcd_line  0x00802f8a        0x1 src/i2c_lcd.o
                0x00802f8a                lcd_line
 .bss.i2c_lcd_status
                0x00802f8b        0x1 src/i2c_lcd.o
                0x00802f8b                i2c_lcd_status
 .bss.ferrCount
                0x00802f8c        0x2 src/main.o
                0x00802f8c                ferrCount
 .bss.status    0x00802f8e        0x2 src/main.o
                0x00802f8e                status
 .bss.dmxCount  0x00802f90        0x2 src/main.o
                0x00802f90                dmxCount
 .bss.dmxData   0x00802f92        0x2 src/main.o
                0x00802f92                dmxData
 .bss.lastCounterButton
                0x00802f94        0x2 src/menu.o
                0x00802f94                lastCounterButton
 .bss.lastCounter
                0x00802f96        0x2 src/menu.o
                0x00802f96                lastCounter
 .bss.TRIGGER_STATES
                0x00802f98       0x18 src/menu.o
                0x00802f98                TRIGGER_STATES
 .bss.releaseCurve
                0x00802fb0        0x1 src/menu.o
                0x00802fb0                releaseCurve
 .bss.animationTrigger
                0x00802fb1        0x1 src/menu.o
                0x00802fb1                animationTrigger
 .bss.operationMode
                0x00802fb2        0x1 src/menu.o
                0x00802fb2                operationMode
 .bss.processingEncoder
                0x00802fb3        0x2 src/menu.o
                0x00802fb3                processingEncoder
 .bss.editingValue
                0x00802fb5        0x1 src/menu.o
                0x00802fb5                editingValue
 .bss.menuStates
                0x00802fb6        0x8 src/menu.o
                0x00802fb6                menuStates
 .bss.menuState
                0x00802fbe        0x2 src/menu.o
                0x00802fbe                menuState
 .bss.menuLevel
                0x00802fc0        0x2 src/menu.o
                0x00802fc0                menuLevel
 .bss.countTCF0
                0x00802fc2        0x4 src/menu.o
                0x00802fc2                countTCF0
 *(COMMON)
 COMMON         0x00802fc6       0x50 src/menu.o
                0x00802fc6                read_page
                0x00802fe6                write_page
                0x00803006                preset_page
                0x00803016                PROVIDE (__bss_end, .)
                0x00003eba                __data_load_start = LOADADDR (.data)
                0x00004bf8                __data_load_end = (__data_load_start + SIZEOF (.data))

.noinit         0x00803016        0x0
                [!provide]                PROVIDE (__noinit_start, .)
 *(.noinit*)
                [!provide]                PROVIDE (__noinit_end, .)
                0x00803016                _end = .
                [!provide]                PROVIDE (__heap_start, .)

.eeprom         0x00810000        0x0
 *(.eeprom*)
                0x00810000                __eeprom_end = .

.fuse
 *(.fuse)
 *(.lfuse)
 *(.hfuse)
 *(.efuse)

.lock
 *(.lock*)

.signature
 *(.signature*)

.user_signatures
 *(.user_signatures*)

.stab
 *(.stab)

.stabstr
 *(.stabstr)

.stab.excl
 *(.stab.excl)

.stab.exclstr
 *(.stab.exclstr)

.stab.index
 *(.stab.index)

.stab.indexstr
 *(.stab.indexstr)

.comment        0x00000000       0x5c
 *(.comment)
 .comment       0x00000000       0x30 src/appbl.o
                                 0x31 (size before relaxing)
 .comment       0x00000030       0x31 src/i2c.o
 .comment       0x00000030       0x31 src/i2c_lcd.o
 .comment       0x00000030       0x31 src/main.o
 .comment       0x00000030       0x31 src/menu.o
 .comment       0x00000030       0x31 src/ws2812b.o
 .comment       0x00000030       0x31 src/ASF/xmega/drivers/nvm/nvm.o
 .comment       0x00000030       0x31 k:/program files (x86)/atmel/studio/7.0/toolchain/avr8/avr8-gnu-toolchain/bin/../lib/gcc/avr/5.4.0/../../../../avr/lib/avrxmega6\libc.a(rand.o)
 .comment       0x00000030       0x31 k:/program files (x86)/atmel/studio/7.0/toolchain/avr8/avr8-gnu-toolchain/bin/../lib/gcc/avr/5.4.0/../../../../avr/lib/avrxmega6\libc.a(snprintf.o)
 .comment       0x00000030       0x2c k:/program files (x86)/atmel/studio/7.0/toolchain/avr8/avr8-gnu-toolchain/bin/../lib/gcc/avr/5.4.0/../../../../avr/lib/avrxmega6\libc.a(vfprintf_std.o)
                                 0x2d (size before relaxing)
 .comment       0x0000005c       0x31 k:/program files (x86)/atmel/studio/7.0/toolchain/avr8/avr8-gnu-toolchain/bin/../lib/gcc/avr/5.4.0/../../../../avr/lib/avrxmega6\libc.a(fputc.o)

.note.gnu.avr.deviceinfo
                0x00000000       0x40
 .note.gnu.avr.deviceinfo
                0x00000000       0x40 K:/Program Files (x86)/Atmel/Studio/7.0/Packs/atmel/XMEGAA_DFP/1.1.68/gcc/dev/atxmega192a3u/avrxmega6/crtatxmega192a3u.o

.note.gnu.build-id
 *(.note.gnu.build-id)

.debug
 *(.debug)

.line
 *(.line)

.debug_srcinfo
 *(.debug_srcinfo)

.debug_sfnames
 *(.debug_sfnames)

.debug_aranges  0x00000000      0x2a8
 *(.debug_aranges)
 .debug_aranges
                0x00000000       0x40 src/appbl.o
 .debug_aranges
                0x00000040       0x48 src/i2c.o
 .debug_aranges
                0x00000088       0x78 src/i2c_lcd.o
 .debug_aranges
                0x00000100       0x38 src/main.o
 .debug_aranges
                0x00000138       0x68 src/menu.o
 .debug_aranges
                0x000001a0       0x28 src/ws2812b.o
 .debug_aranges
                0x000001c8       0xc0 src/ASF/xmega/drivers/nvm/nvm.o
 .debug_aranges
                0x00000288       0x20 src/ASF/xmega/drivers/cpu/ccp.o

.debug_pubnames
 *(.debug_pubnames)

.debug_info     0x00000000     0xa062
 *(.debug_info .gnu.linkonce.wi.*)
 .debug_info    0x00000000     0x3409 K:/Program Files (x86)/Atmel/Studio/7.0/Packs/atmel/XMEGAA_DFP/1.1.68/gcc/dev/atxmega192a3u/avrxmega6/crtatxmega192a3u.o
 .debug_info    0x00003409      0xaca src/appbl.o
 .debug_info    0x00003ed3      0x395 src/i2c.o
 .debug_info    0x00004268      0x711 src/i2c_lcd.o
 .debug_info    0x00004979     0x272a src/main.o
 .debug_info    0x000070a3     0x1778 src/menu.o
 .debug_info    0x0000881b      0x41c src/ws2812b.o
 .debug_info    0x00008c37     0x13b2 src/ASF/xmega/drivers/nvm/nvm.o
 .debug_info    0x00009fe9       0x79 src/ASF/xmega/drivers/cpu/ccp.o

.debug_abbrev   0x00000000     0x4144
 *(.debug_abbrev)
 .debug_abbrev  0x00000000     0x3148 K:/Program Files (x86)/Atmel/Studio/7.0/Packs/atmel/XMEGAA_DFP/1.1.68/gcc/dev/atxmega192a3u/avrxmega6/crtatxmega192a3u.o
 .debug_abbrev  0x00003148      0x256 src/appbl.o
 .debug_abbrev  0x0000339e      0x12c src/i2c.o
 .debug_abbrev  0x000034ca      0x1a1 src/i2c_lcd.o
 .debug_abbrev  0x0000366b      0x2f8 src/main.o
 .debug_abbrev  0x00003963      0x2ce src/menu.o
 .debug_abbrev  0x00003c31      0x142 src/ws2812b.o
 .debug_abbrev  0x00003d73      0x3bd src/ASF/xmega/drivers/nvm/nvm.o
 .debug_abbrev  0x00004130       0x14 src/ASF/xmega/drivers/cpu/ccp.o

.debug_line     0x00000000     0x42b3
 *(.debug_line .debug_line.* .debug_line_end)
 .debug_line    0x00000000      0x39d K:/Program Files (x86)/Atmel/Studio/7.0/Packs/atmel/XMEGAA_DFP/1.1.68/gcc/dev/atxmega192a3u/avrxmega6/crtatxmega192a3u.o
 .debug_line    0x0000039d      0xa54 src/appbl.o
 .debug_line    0x00000df1      0x386 src/i2c.o
 .debug_line    0x00001177      0x58f src/i2c_lcd.o
 .debug_line    0x00001706      0x96a src/main.o
 .debug_line    0x00002070     0x102d src/menu.o
 .debug_line    0x0000309d      0x645 src/ws2812b.o
 .debug_line    0x000036e2      0xb63 src/ASF/xmega/drivers/nvm/nvm.o
 .debug_line    0x00004245       0x6e src/ASF/xmega/drivers/cpu/ccp.o

.debug_frame    0x00000000      0xa08
 *(.debug_frame)
 .debug_frame   0x00000000      0x1d4 src/appbl.o
 .debug_frame   0x000001d4       0x74 src/i2c.o
 .debug_frame   0x00000248       0xf0 src/i2c_lcd.o
 .debug_frame   0x00000338      0x12c src/main.o
 .debug_frame   0x00000464      0x238 src/menu.o
 .debug_frame   0x0000069c       0x34 src/ws2812b.o
 .debug_frame   0x000006d0      0x338 src/ASF/xmega/drivers/nvm/nvm.o

.debug_str      0x00000000    0x2f962
 *(.debug_str)
 .debug_str     0x00000000     0x223b K:/Program Files (x86)/Atmel/Studio/7.0/Packs/atmel/XMEGAA_DFP/1.1.68/gcc/dev/atxmega192a3u/avrxmega6/crtatxmega192a3u.o
 .debug_str     0x0000223b    0x2a84c src/appbl.o
                              0x2aec9 (size before relaxing)
 .debug_str     0x0002ca87      0x1f2 src/i2c.o
                              0x19e50 (size before relaxing)
 .debug_str     0x0002cc79      0x12d src/i2c_lcd.o
                              0x1a746 (size before relaxing)
 .debug_str     0x0002cda6     0x2416 src/main.o
                              0x2d004 (size before relaxing)
 .debug_str     0x0002f1bc      0x283 src/menu.o
                              0x2b128 (size before relaxing)
 .debug_str     0x0002f43f       0x31 src/ws2812b.o
                              0x29595 (size before relaxing)
 .debug_str     0x0002f470      0x4f2 src/ASF/xmega/drivers/nvm/nvm.o
                              0x29083 (size before relaxing)

.debug_loc      0x00000000     0x34de
 *(.debug_loc)
 .debug_loc     0x00000000      0xe8d src/appbl.o
 .debug_loc     0x00000e8d      0x123 src/i2c.o
 .debug_loc     0x00000fb0      0x35d src/i2c_lcd.o
 .debug_loc     0x0000130d      0x42f src/main.o
 .debug_loc     0x0000173c      0x993 src/menu.o
 .debug_loc     0x000020cf      0x1ef src/ws2812b.o
 .debug_loc     0x000022be     0x1220 src/ASF/xmega/drivers/nvm/nvm.o

.debug_macinfo
 *(.debug_macinfo)

.debug_weaknames
 *(.debug_weaknames)

.debug_funcnames
 *(.debug_funcnames)

.debug_typenames
 *(.debug_typenames)

.debug_varnames
 *(.debug_varnames)

.debug_pubtypes
 *(.debug_pubtypes)

.debug_ranges   0x00000000      0x2b8
 *(.debug_ranges)
 .debug_ranges  0x00000000       0xb8 src/appbl.o
 .debug_ranges  0x000000b8       0x38 src/i2c.o
 .debug_ranges  0x000000f0       0x68 src/i2c_lcd.o
 .debug_ranges  0x00000158       0x28 src/main.o
 .debug_ranges  0x00000180       0x70 src/menu.o
 .debug_ranges  0x000001f0       0x18 src/ws2812b.o
 .debug_ranges  0x00000208       0xb0 src/ASF/xmega/drivers/nvm/nvm.o

.debug_macro    0x00000000     0xa44f
 *(.debug_macro)
 .debug_macro   0x00000000      0x237 src/appbl.o
 .debug_macro   0x00000237      0xa84 src/appbl.o
 .debug_macro   0x00000cbb       0x10 src/appbl.o
 .debug_macro   0x00000ccb      0x1c9 src/appbl.o
 .debug_macro   0x00000e94      0x2fc src/appbl.o
 .debug_macro   0x00001190       0x9e src/appbl.o
 .debug_macro   0x0000122e     0x62da src/appbl.o
 .debug_macro   0x00007508       0x9a src/appbl.o
 .debug_macro   0x000075a2       0xf1 src/appbl.o
 .debug_macro   0x00007693       0x34 src/appbl.o
 .debug_macro   0x000076c7       0x16 src/appbl.o
 .debug_macro   0x000076dd       0x18 src/appbl.o
 .debug_macro   0x000076f5       0x5e src/appbl.o
 .debug_macro   0x00007753       0x10 src/appbl.o
 .debug_macro   0x00007763       0x22 src/appbl.o
 .debug_macro   0x00007785      0x16d src/appbl.o
 .debug_macro   0x000078f2       0x1c src/appbl.o
 .debug_macro   0x0000790e       0x35 src/appbl.o
 .debug_macro   0x00007943       0x66 src/appbl.o
 .debug_macro   0x000079a9      0x64b src/appbl.o
 .debug_macro   0x00007ff4       0x97 src/appbl.o
 .debug_macro   0x0000808b       0x17 src/appbl.o
 .debug_macro   0x000080a2      0x250 src/appbl.o
 .debug_macro   0x000082f2       0x76 src/appbl.o
 .debug_macro   0x00008368       0x16 src/appbl.o
 .debug_macro   0x0000837e      0x6e3 src/appbl.o
 .debug_macro   0x00008a61       0x10 src/appbl.o
 .debug_macro   0x00008a71      0x175 src/appbl.o
 .debug_macro   0x00008be6       0x40 src/appbl.o
 .debug_macro   0x00008c26       0x69 src/appbl.o
 .debug_macro   0x00008c8f       0x32 src/appbl.o
 .debug_macro   0x00008cc1       0xe4 src/appbl.o
 .debug_macro   0x00008da5       0x20 src/appbl.o
 .debug_macro   0x00008dc5       0xe8 src/appbl.o
 .debug_macro   0x00008ead      0x160 src/appbl.o
 .debug_macro   0x0000900d       0x46 src/appbl.o
 .debug_macro   0x00009053       0x22 src/appbl.o
 .debug_macro   0x00009075      0x33f src/appbl.o
 .debug_macro   0x000093b4       0x34 src/appbl.o
 .debug_macro   0x000093e8      0x130 src/appbl.o
 .debug_macro   0x00009518       0x58 src/appbl.o
 .debug_macro   0x00009570       0x10 src/appbl.o
 .debug_macro   0x00009580       0xf2 src/appbl.o
 .debug_macro   0x00009672       0x16 src/appbl.o
 .debug_macro   0x00009688       0x9a src/i2c.o
 .debug_macro   0x00009722       0xc0 src/i2c_lcd.o
 .debug_macro   0x000097e2       0x10 src/i2c_lcd.o
 .debug_macro   0x000097f2      0x166 src/i2c_lcd.o
 .debug_macro   0x00009958       0xaa src/i2c_lcd.o
 .debug_macro   0x00009a02      0x247 src/main.o
 .debug_macro   0x00009c49      0x232 src/menu.o
 .debug_macro   0x00009e7b       0x97 src/menu.o
 .debug_macro   0x00009f12       0x97 src/menu.o
 .debug_macro   0x00009fa9       0x20 src/menu.o
 .debug_macro   0x00009fc9       0x86 src/menu.o
 .debug_macro   0x0000a04f      0x226 src/ws2812b.o
 .debug_macro   0x0000a275       0x1c src/ws2812b.o
 .debug_macro   0x0000a291      0x198 src/ASF/xmega/drivers/nvm/nvm.o
 .debug_macro   0x0000a429       0x26 src/ASF/xmega/drivers/nvm/nvm.o
OUTPUT(ECDLM001_V7.elf elf32-avr)
LOAD linker stubs
