Archive member included to satisfy reference by file (symbol)

k:/program files (x86)/atmel/studio/7.0/toolchain/avr8/avr8-gnu-toolchain/bin/../lib/gcc/avr/5.4.0/../../../../avr/lib/avrxmega4\libm.a(divsf3.o)
                              src/appbl.o (__divsf3)
k:/program files (x86)/atmel/studio/7.0/toolchain/avr8/avr8-gnu-toolchain/bin/../lib/gcc/avr/5.4.0/../../../../avr/lib/avrxmega4\libm.a(divsf3x.o)
                              k:/program files (x86)/atmel/studio/7.0/toolchain/avr8/avr8-gnu-toolchain/bin/../lib/gcc/avr/5.4.0/../../../../avr/lib/avrxmega4\libm.a(divsf3.o) (__divsf3x)
k:/program files (x86)/atmel/studio/7.0/toolchain/avr8/avr8-gnu-toolchain/bin/../lib/gcc/avr/5.4.0/../../../../avr/lib/avrxmega4\libm.a(fixsfsi.o)
                              src/appbl.o (__fixsfsi)
k:/program files (x86)/atmel/studio/7.0/toolchain/avr8/avr8-gnu-toolchain/bin/../lib/gcc/avr/5.4.0/../../../../avr/lib/avrxmega4\libm.a(fixunssfsi.o)
                              k:/program files (x86)/atmel/studio/7.0/toolchain/avr8/avr8-gnu-toolchain/bin/../lib/gcc/avr/5.4.0/../../../../avr/lib/avrxmega4\libm.a(fixsfsi.o) (__fixunssfsi)
k:/program files (x86)/atmel/studio/7.0/toolchain/avr8/avr8-gnu-toolchain/bin/../lib/gcc/avr/5.4.0/../../../../avr/lib/avrxmega4\libm.a(floatsisf.o)
                              src/appbl.o (__floatsisf)
k:/program files (x86)/atmel/studio/7.0/toolchain/avr8/avr8-gnu-toolchain/bin/../lib/gcc/avr/5.4.0/../../../../avr/lib/avrxmega4\libm.a(floor.o)
                              src/appbl.o (floor)
k:/program files (x86)/atmel/studio/7.0/toolchain/avr8/avr8-gnu-toolchain/bin/../lib/gcc/avr/5.4.0/../../../../avr/lib/avrxmega4\libm.a(fp_inf.o)
                              k:/program files (x86)/atmel/studio/7.0/toolchain/avr8/avr8-gnu-toolchain/bin/../lib/gcc/avr/5.4.0/../../../../avr/lib/avrxmega4\libm.a(divsf3x.o) (__fp_inf)
k:/program files (x86)/atmel/studio/7.0/toolchain/avr8/avr8-gnu-toolchain/bin/../lib/gcc/avr/5.4.0/../../../../avr/lib/avrxmega4\libm.a(fp_mintl.o)
                              k:/program files (x86)/atmel/studio/7.0/toolchain/avr8/avr8-gnu-toolchain/bin/../lib/gcc/avr/5.4.0/../../../../avr/lib/avrxmega4\libm.a(floor.o) (__fp_mintl)
k:/program files (x86)/atmel/studio/7.0/toolchain/avr8/avr8-gnu-toolchain/bin/../lib/gcc/avr/5.4.0/../../../../avr/lib/avrxmega4\libm.a(fp_mpack.o)
                              k:/program files (x86)/atmel/studio/7.0/toolchain/avr8/avr8-gnu-toolchain/bin/../lib/gcc/avr/5.4.0/../../../../avr/lib/avrxmega4\libm.a(floor.o) (__fp_mpack)
k:/program files (x86)/atmel/studio/7.0/toolchain/avr8/avr8-gnu-toolchain/bin/../lib/gcc/avr/5.4.0/../../../../avr/lib/avrxmega4\libm.a(fp_nan.o)
                              k:/program files (x86)/atmel/studio/7.0/toolchain/avr8/avr8-gnu-toolchain/bin/../lib/gcc/avr/5.4.0/../../../../avr/lib/avrxmega4\libm.a(divsf3x.o) (__fp_nan)
k:/program files (x86)/atmel/studio/7.0/toolchain/avr8/avr8-gnu-toolchain/bin/../lib/gcc/avr/5.4.0/../../../../avr/lib/avrxmega4\libm.a(fp_pscA.o)
                              k:/program files (x86)/atmel/studio/7.0/toolchain/avr8/avr8-gnu-toolchain/bin/../lib/gcc/avr/5.4.0/../../../../avr/lib/avrxmega4\libm.a(divsf3x.o) (__fp_pscA)
k:/program files (x86)/atmel/studio/7.0/toolchain/avr8/avr8-gnu-toolchain/bin/../lib/gcc/avr/5.4.0/../../../../avr/lib/avrxmega4\libm.a(fp_pscB.o)
                              k:/program files (x86)/atmel/studio/7.0/toolchain/avr8/avr8-gnu-toolchain/bin/../lib/gcc/avr/5.4.0/../../../../avr/lib/avrxmega4\libm.a(divsf3x.o) (__fp_pscB)
k:/program files (x86)/atmel/studio/7.0/toolchain/avr8/avr8-gnu-toolchain/bin/../lib/gcc/avr/5.4.0/../../../../avr/lib/avrxmega4\libm.a(fp_round.o)
                              k:/program files (x86)/atmel/studio/7.0/toolchain/avr8/avr8-gnu-toolchain/bin/../lib/gcc/avr/5.4.0/../../../../avr/lib/avrxmega4\libm.a(divsf3.o) (__fp_round)
k:/program files (x86)/atmel/studio/7.0/toolchain/avr8/avr8-gnu-toolchain/bin/../lib/gcc/avr/5.4.0/../../../../avr/lib/avrxmega4\libm.a(fp_split3.o)
                              k:/program files (x86)/atmel/studio/7.0/toolchain/avr8/avr8-gnu-toolchain/bin/../lib/gcc/avr/5.4.0/../../../../avr/lib/avrxmega4\libm.a(divsf3x.o) (__fp_split3)
k:/program files (x86)/atmel/studio/7.0/toolchain/avr8/avr8-gnu-toolchain/bin/../lib/gcc/avr/5.4.0/../../../../avr/lib/avrxmega4\libm.a(fp_trunc.o)
                              k:/program files (x86)/atmel/studio/7.0/toolchain/avr8/avr8-gnu-toolchain/bin/../lib/gcc/avr/5.4.0/../../../../avr/lib/avrxmega4\libm.a(floor.o) (__fp_trunc)
k:/program files (x86)/atmel/studio/7.0/toolchain/avr8/avr8-gnu-toolchain/bin/../lib/gcc/avr/5.4.0/../../../../avr/lib/avrxmega4\libm.a(fp_zero.o)
                              k:/program files (x86)/atmel/studio/7.0/toolchain/avr8/avr8-gnu-toolchain/bin/../lib/gcc/avr/5.4.0/../../../../avr/lib/avrxmega4\libm.a(fixunssfsi.o) (__fp_zero)
[...]
Memory Configuration

Name             Origin             Length             Attributes
text             0x00000000         0x00100000         xr
data             0x00802000         0x0000ffa0         rw !x
eeprom           0x00810000         0x00010000         rw !x
fuse             0x00820000         0x00000006         rw !x
lock             0x00830000         0x00000400         rw !x
signature        0x00840000         0x00000400         rw !x
user_signatures  0x00850000         0x00000400         rw !x
*default*        0x00000000         0xffffffff

Linker script and memory map

LOAD K:/Program Files (x86)/Atmel/Studio/7.0/Packs/atmel/XMEGAA_DFP/1.1.68/gcc/dev/atxmega64a3u/avrxmega4/crtatxmega64a3u.o
LOAD src/appbl.o
LOAD src/ASF/common/boards/user_board/init.o
LOAD src/i2c.o
LOAD src/i2c_lcd.o
LOAD src/main.o
LOAD src/menu.o
LOAD src/ws2812b.o
LOAD src/ASF/xmega/drivers/nvm/nvm.o
LOAD src/ASF/xmega/drivers/nvm/nvm_asm.o
LOAD src/ASF/xmega/drivers/cpu/ccp.o
START GROUP
LOAD k:/program files (x86)/atmel/studio/7.0/toolchain/avr8/avr8-gnu-toolchain/bin/../lib/gcc/avr/5.4.0/../../../../avr/lib/avrxmega4\libm.a
END GROUP
START GROUP
LOAD k:/program files (x86)/atmel/studio/7.0/toolchain/avr8/avr8-gnu-toolchain/bin/../lib/gcc/avr/5.4.0/avrxmega4\libgcc.a
LOAD k:/program files (x86)/atmel/studio/7.0/toolchain/avr8/avr8-gnu-toolchain/bin/../lib/gcc/avr/5.4.0/../../../../avr/lib/avrxmega4\libm.a
LOAD k:/program files (x86)/atmel/studio/7.0/toolchain/avr8/avr8-gnu-toolchain/bin/../lib/gcc/avr/5.4.0/../../../../avr/lib/avrxmega4\libc.a
LOAD K:/Program Files (x86)/Atmel/Studio/7.0/Packs/atmel/XMEGAA_DFP/1.1.68/gcc/dev/atxmega64a3u/avrxmega4\libatxmega64a3u.a
END GROUP
                0x00100000                __TEXT_REGION_LENGTH__ = DEFINED (__TEXT_REGION_LENGTH__)?__TEXT_REGION_LENGTH__:0x100000
                0x0000ffa0                __DATA_REGION_LENGTH__ = DEFINED (__DATA_REGION_LENGTH__)?__DATA_REGION_LENGTH__:0xffa0
                0x00010000                __EEPROM_REGION_LENGTH__ = DEFINED (__EEPROM_REGION_LENGTH__)?__EEPROM_REGION_LENGTH__:0x10000
                [0x00000006]                __FUSE_REGION_LENGTH__ = DEFINED (__FUSE_REGION_LENGTH__)?__FUSE_REGION_LENGTH__:0x400
                0x00000400                __LOCK_REGION_LENGTH__ = DEFINED (__LOCK_REGION_LENGTH__)?__LOCK_REGION_LENGTH__:0x400
                0x00000400                __SIGNATURE_REGION_LENGTH__ = DEFINED (__SIGNATURE_REGION_LENGTH__)?__SIGNATURE_REGION_LENGTH__:0x400
                0x00000400                __USER_SIGNATURE_REGION_LENGTH__ = DEFINED (__USER_SIGNATURE_REGION_LENGTH__)?__USER_SIGNATURE_REGION_LENGTH__:0x400

.hash
 *(.hash)

.dynsym
 *(.dynsym)

.dynstr
 *(.dynstr)

.gnu.version
 *(.gnu.version)

.gnu.version_d
 *(.gnu.version_d)

.gnu.version_r
 *(.gnu.version_r)

.rel.init
 *(.rel.init)

.rela.init
 *(.rela.init)

.rel.text
 *(.rel.text)
 *(.rel.text.*)
 *(.rel.gnu.linkonce.t*)

.rela.text
 *(.rela.text)
 *(.rela.text.*)
 *(.rela.gnu.linkonce.t*)

.rel.fini
 *(.rel.fini)

.rela.fini
 *(.rela.fini)

.rel.rodata
 *(.rel.rodata)
 *(.rel.rodata.*)
 *(.rel.gnu.linkonce.r*)

.rela.rodata
 *(.rela.rodata)
 *(.rela.rodata.*)
 *(.rela.gnu.linkonce.r*)

.rel.data
 *(.rel.data)
 *(.rel.data.*)
 *(.rel.gnu.linkonce.d*)

.rela.data
 *(.rela.data)
 *(.rela.data.*)
 *(.rela.gnu.linkonce.d*)

.rel.ctors
 *(.rel.ctors)

.rela.ctors
 *(.rela.ctors)

.rel.dtors
 *(.rel.dtors)

.rela.dtors
 *(.rela.dtors)

.rel.got
 *(.rel.got)

.rela.got
 *(.rela.got)

.rel.bss
 *(.rel.bss)

.rela.bss
 *(.rela.bss)

.rel.plt
 *(.rel.plt)

.rela.plt
 *(.rela.plt)

.text           0x00000000     0x3f3a
 *(.vectors)
 .vectors       0x00000000      0x1fc K:/Program Files (x86)/Atmel/Studio/7.0/Packs/atmel/XMEGAA_DFP/1.1.68/gcc/dev/atxmega64a3u/avrxmega4/crtatxmega64a3u.o
                0x00000000                __vector_default
                0x00000000                __vectors
 *(.vectors)
 *(.progmem.gcc*)
 .progmem.gcc_sw_table.updatePixels
                0x000001fc       0x12 src/appbl.o
 .progmem.gcc_sw_table.__vector_77
                0x0000020e        0xe src/appbl.o
 .progmem.gcc_sw_table.__vector_14
                0x0000021c      0x282 src/menu.o
 .progmem.gcc_sw_table.__vector_47
                0x0000049e       0x36 src/menu.o
                0x000004d4                . = ALIGN (0x2)
                0x000004d4                __trampolines_start = .
 *(.trampolines)
 .trampolines   0x000004d4        0x0 linker stubs
 *(.trampolines*)
                0x000004d4                __trampolines_end = .
 *libprintf_flt.a:*(.progmem.data)
 *libc.a:*(.progmem.data)
 *(.progmem*)
 .progmem.data.modeNames
                0x000004d4        0x4 src/menu.o
                0x000004d4                modeNames
 .progmem.data.curveNames
                0x000004d8        0x8 src/menu.o
                0x000004d8                curveNames
 .progmem.data.animationTriggerNames
                0x000004e0        0xe src/menu.o
                0x000004e0                animationTriggerNames
 .progmem.data.animationNames
                0x000004ee       0x12 src/menu.o
                0x000004ee                animationNames
                0x00000500                . = ALIGN (0x2)
 *(.jumptables)
 *(.jumptables*)
 *(.lowtext)
 *(.lowtext*)
                0x00000500                __ctors_start = .
 *(.ctors)
                0x00000500                __ctors_end = .
                0x00000500                __dtors_start = .
 *(.dtors)
                0x00000500                __dtors_end = .
 SORT(*)(.ctors)
 SORT(*)(.dtors)
 *(.init0)
 .init0         0x00000500        0x0 K:/Program Files (x86)/Atmel/Studio/7.0/Packs/atmel/XMEGAA_DFP/1.1.68/gcc/dev/atxmega64a3u/avrxmega4/crtatxmega64a3u.o
                0x00000500                __init
 *(.init0)
 *(.init1)
 *(.init1)
 *(.init2)
 .init2         0x00000500        0xc K:/Program Files (x86)/Atmel/Studio/7.0/Packs/atmel/XMEGAA_DFP/1.1.68/gcc/dev/atxmega64a3u/avrxmega4/crtatxmega64a3u.o
 *(.init2)
 *(.init3)
 *(.init3)
 *(.init4)
 .init4         0x0000050c       0x1a k:/program files (x86)/atmel/studio/7.0/toolchain/avr8/avr8-gnu-toolchain/bin/../lib/gcc/avr/5.4.0/avrxmega4\libgcc.a(_copy_data.o)
                0x0000050c                __do_copy_data
 .init4         0x00000526       0x10 k:/program files (x86)/atmel/studio/7.0/toolchain/avr8/avr8-gnu-toolchain/bin/../lib/gcc/avr/5.4.0/avrxmega4\libgcc.a(_clear_bss.o)
                0x00000526                __do_clear_bss
 *(.init4)
 *(.init5)
 *(.init5)
 *(.init6)
 *(.init6)
 *(.init7)
 *(.init7)
 *(.init8)
 *(.init8)
 *(.init9)
 .init9         0x00000536        0x8 K:/Program Files (x86)/Atmel/Studio/7.0/Packs/atmel/XMEGAA_DFP/1.1.68/gcc/dev/atxmega64a3u/avrxmega4/crtatxmega64a3u.o
 *(.init9)
 *(.text)
 .text          0x0000053e        0x2 K:/Program Files (x86)/Atmel/Studio/7.0/Packs/atmel/XMEGAA_DFP/1.1.68/gcc/dev/atxmega64a3u/avrxmega4/crtatxmega64a3u.o
                0x0000053e                __vector_38
                0x0000053e                __vector_104
                0x0000053e                __vector_22
                0x0000053e                __vector_63
                0x0000053e                __vector_28
                0x0000053e                __vector_67
                0x0000053e                __vector_1
                0x0000053e                __vector_119
                0x0000053e                __vector_32
                0x0000053e                __vector_75
                0x0000053e                __vector_71
                0x0000053e                __vector_91
                0x0000053e                __vector_34
                0x0000053e                __vector_62
                0x0000053e                __vector_102
                0x0000053e                __vector_24
                0x0000053e                __vector_12
                0x0000053e                __vector_55
                0x0000053e                __vector_69
                0x0000053e                __vector_81
                0x0000053e                __vector_90
                0x0000053e                __vector_46
                0x0000053e                __bad_interrupt
                0x0000053e                __vector_122
                0x0000053e                __vector_72
                0x0000053e                __vector_114
                0x0000053e                __vector_6
                0x0000053e                __vector_110
                0x0000053e                __vector_31
                0x0000053e                __vector_92
                0x0000053e                __vector_35
                0x0000053e                __vector_78
                0x0000053e                __vector_74
                0x0000053e                __vector_117
                0x0000053e                __vector_39
                0x0000053e                __vector_107
                0x0000053e                __vector_3
                0x0000053e                __vector_105
                0x0000053e                __vector_98
                0x0000053e                __vector_23
                0x0000053e                __vector_68
                0x0000053e                __vector_30
                0x0000053e                __vector_73
                0x0000053e                __vector_45
                0x0000053e                __vector_25
                0x0000053e                __vector_93
                0x0000053e                __vector_61
                0x0000053e                __vector_11
                0x0000053e                __vector_54
                0x0000053e                __vector_99
                0x0000053e                __vector_13
                0x0000053e                __vector_17
                0x0000053e                __vector_19
                0x0000053e                __vector_56
                0x0000053e                __vector_7
                0x0000053e                __vector_125
                0x0000053e                __vector_49
                0x0000053e                __vector_123
                0x0000053e                __vector_41
                0x0000053e                __vector_86
                0x0000053e                __vector_100
                0x0000053e                __vector_101
                0x0000053e                __vector_109
                0x0000053e                __vector_43
                0x0000053e                __vector_27
                0x0000053e                __vector_5
                0x0000053e                __vector_113
                0x0000053e                __vector_33
                0x0000053e                __vector_76
                0x0000053e                __vector_115
                0x0000053e                __vector_52
                0x0000053e                __vector_37
                0x0000053e                __vector_95
                0x0000053e                __vector_103
                0x0000053e                __vector_96
                0x0000053e                __vector_89
                0x0000053e                __vector_108
                0x0000053e                __vector_44
                0x0000053e                __vector_82
                0x0000053e                __vector_106
                0x0000053e                __vector_118
                0x0000053e                __vector_51
                0x0000053e                __vector_9
                0x0000053e                __vector_2
                0x0000053e                __vector_21
                0x0000053e                __vector_15
                0x0000053e                __vector_66
                0x0000053e                __vector_36
                0x0000053e                __vector_79
                0x0000053e                __vector_58
                0x0000053e                __vector_70
                0x0000053e                __vector_83
                0x0000053e                __vector_29
                0x0000053e                __vector_60
                0x0000053e                __vector_121
                0x0000053e                __vector_40
                0x0000053e                __vector_85
                0x0000053e                __vector_94
                0x0000053e                __vector_126
                0x0000053e                __vector_8
                0x0000053e                __vector_26
                0x0000053e                __vector_48
                0x0000053e                __vector_124
                0x0000053e                __vector_116
                0x0000053e                __vector_112
                0x0000053e                __vector_111
                0x0000053e                __vector_80
                0x0000053e                __vector_84
                0x0000053e                __vector_57
                0x0000053e                __vector_50
                0x0000053e                __vector_16
                0x0000053e                __vector_59
                0x0000053e                __vector_18
                0x0000053e                __vector_97
                0x0000053e                __vector_42
                0x0000053e                __vector_87
                0x0000053e                __vector_65
                0x0000053e                __vector_120
                0x00000540                . = ALIGN (0x2)
 *(.text.*)
 .text.clipValue
                0x00000540       0xa6 src/appbl.o
                0x00000540                clipValue
 .text.updatePixels
                0x000005e6      0x688 src/appbl.o
                0x000005e6                updatePixels
 .text.__vector_20
                0x00000c6e      0x1c0 src/appbl.o
                0x00000c6e                __vector_20
 .text.__vector_77
                0x00000e2e      0x24e src/appbl.o
                0x00000e2e                __vector_77
 .text.i2c_init
                0x0000107c       0x10 src/i2c.o
                0x0000107c                i2c_init
 .text.i2c_start
                0x0000108c       0x40 src/i2c.o
                0x0000108c                i2c_start
 .text.i2c_stop
                0x000010cc        0xc src/i2c.o
                0x000010cc                i2c_stop
 .text.i2c_write
                0x000010d8       0x1c src/i2c.o
                0x000010d8                i2c_write
 .text.i2c_lcd_write_status
                0x000010f4       0x1c src/i2c_lcd.o
                0x000010f4                i2c_lcd_write_status
 .text.i2c_lcd_data_part
                0x00001110       0x42 src/i2c_lcd.o
                0x00001110                i2c_lcd_data_part
 .text.i2c_lcd_write
                0x00001152       0x54 src/i2c_lcd.o
                0x00001152                i2c_lcd_write
 .text.i2c_lcd_write_instruction
                0x000011a6        0xe src/i2c_lcd.o
                0x000011a6                i2c_lcd_write_instruction
 .text.i2c_lcd_clear
                0x000011b4        0xa src/i2c_lcd.o
                0x000011b4                i2c_lcd_clear
 .text.i2c_lcd_set_cursor
                0x000011be       0x16 src/i2c_lcd.o
                0x000011be                i2c_lcd_set_cursor
 .text.i2c_lcd_write_data
                0x000011d4       0x3a src/i2c_lcd.o
                0x000011d4                i2c_lcd_write_data
 .text.i2c_lcd_write_text
                0x0000120e       0x1c src/i2c_lcd.o
                0x0000120e                i2c_lcd_write_text
 .text.i2c_lcd_led_on
                0x0000122a        0xe src/i2c_lcd.o
                0x0000122a                i2c_lcd_led_on
 .text.i2c_lcd_led_off
                0x00001238        0xe src/i2c_lcd.o
                0x00001238                i2c_lcd_led_off
 .text.i2c_lcd_init
                0x00001246       0x88 src/i2c_lcd.o
                0x00001246                i2c_lcd_init
 .text.__vector_10
                0x000012ce       0xf0 src/main.o
                0x000012ce                __vector_10
 .text.__vector_53
                0x000013be       0x4a src/main.o
                0x000013be                __vector_53
 .text.__vector_88
                0x00001408      0x1d0 src/main.o
                0x00001408                __vector_88
 .text.main     0x000015d8      0x37a src/main.o
                0x000015d8                main
 .text.__vector_14
                0x00001952      0xb70 src/menu.o
                0x00001952                __vector_14
 .text.WriteConfigToNVM
                0x000024c2       0xb0 src/menu.o
                0x000024c2                WriteConfigToNVM
 .text.ReadConfigFromNVM
                0x00002572      0x17c src/menu.o
                0x00002572                ReadConfigFromNVM
 .text.updateMenuState
                0x000026ee      0x216 src/menu.o
                0x000026ee                updateMenuState
 .text.__vector_47
                0x00002904      0x506 src/menu.o
                0x00002904                __vector_47
 .text.loadPresetFactory
                0x00002e0a       0x6a src/menu.o
                0x00002e0a                loadPresetFactory
 .text.flashMainLed
                0x00002e74       0x34 src/menu.o
                0x00002e74                flashMainLed
 .text.__vector_4
                0x00002ea8       0x84 src/menu.o
                0x00002ea8                __vector_4
 .text.__vector_64
                0x00002f2c      0x302 src/menu.o
                0x00002f2c                __vector_64
 .text.sendPixel
                0x0000322e       0xea src/ws2812b.o
                0x0000322e                sendPixel
 .text.nvm_eeprom_read_buffer
                0x00003318       0x30 src/ASF/xmega/drivers/nvm/nvm.o
                0x00003318                nvm_eeprom_read_buffer
 .text.nvm_eeprom_load_byte_to_buffer
                0x00003348       0x24 src/ASF/xmega/drivers/nvm/nvm.o
                0x00003348                nvm_eeprom_load_byte_to_buffer
 .text.nvm_eeprom_load_page_to_buffer
                0x0000336c       0x2c src/ASF/xmega/drivers/nvm/nvm.o
                0x0000336c                nvm_eeprom_load_page_to_buffer
 .text.nvm_eeprom_atomic_write_page
                0x00003398       0x3a src/ASF/xmega/drivers/nvm/nvm.o
                0x00003398                nvm_eeprom_atomic_write_page
 .text.ccp_write_io
                0x000033d2        0xc src/ASF/xmega/drivers/cpu/ccp.o
                0x000033d2                ccp_write_io
 .text.avr-libc.fplib
                0x000033de        0x4 k:/program files (x86)/atmel/studio/7.0/toolchain/avr8/avr8-gnu-toolchain/bin/../lib/gcc/avr/5.4.0/../../../../avr/lib/avrxmega4\libm.a(divsf3.o)
                0x000033de                __divsf3
 .text.avr-libc.fplib
                0x000033e2       0xcc k:/program files (x86)/atmel/studio/7.0/toolchain/avr8/avr8-gnu-toolchain/bin/../lib/gcc/avr/5.4.0/../../../../avr/lib/avrxmega4\libm.a(divsf3x.o)
                0x000033f8                __divsf3x
                0x000033fc                __divsf3_pse
 .text.avr-libc.fplib
                0x000034ae        0xa k:/program files (x86)/atmel/studio/7.0/toolchain/avr8/avr8-gnu-toolchain/bin/../lib/gcc/avr/5.4.0/../../../../avr/lib/avrxmega4\libm.a(fixsfsi.o)
                0x000034ae                __fixsfsi
 .text.avr-libc.fplib
                0x000034b8       0x58 k:/program files (x86)/atmel/studio/7.0/toolchain/avr8/avr8-gnu-toolchain/bin/../lib/gcc/avr/5.4.0/../../../../avr/lib/avrxmega4\libm.a(fixunssfsi.o)
                0x000034b8                __fixunssfsi
 .text.avr-libc.fplib
                0x00003510       0x7a k:/program files (x86)/atmel/studio/7.0/toolchain/avr8/avr8-gnu-toolchain/bin/../lib/gcc/avr/5.4.0/../../../../avr/lib/avrxmega4\libm.a(floatsisf.o)
                0x00003510                __floatunsisf
                0x00003514                __floatsisf
 .text.avr-libc.fplib
                0x0000358a       0x26 k:/program files (x86)/atmel/studio/7.0/toolchain/avr8/avr8-gnu-toolchain/bin/../lib/gcc/avr/5.4.0/../../../../avr/lib/avrxmega4\libm.a(floor.o)
                0x0000358a                floor
 .text.avr-libc.fplib
                0x000035b0        0xc k:/program files (x86)/atmel/studio/7.0/toolchain/avr8/avr8-gnu-toolchain/bin/../lib/gcc/avr/5.4.0/../../../../avr/lib/avrxmega4\libm.a(fp_inf.o)
                0x000035b0                __fp_inf
 .text.avr-libc.fplib
                0x000035bc       0x36 k:/program files (x86)/atmel/studio/7.0/toolchain/avr8/avr8-gnu-toolchain/bin/../lib/gcc/avr/5.4.0/../../../../avr/lib/avrxmega4\libm.a(fp_mintl.o)
                0x000035bc                __fp_mintl
 .text.avr-libc.fplib
                0x000035f2       0x1c k:/program files (x86)/atmel/studio/7.0/toolchain/avr8/avr8-gnu-toolchain/bin/../lib/gcc/avr/5.4.0/../../../../avr/lib/avrxmega4\libm.a(fp_mpack.o)
                0x000035f2                __fp_mpack
                0x000035f6                __fp_mpack_finite
 .text.avr-libc.fplib
                0x0000360e        0x6 k:/program files (x86)/atmel/studio/7.0/toolchain/avr8/avr8-gnu-toolchain/bin/../lib/gcc/avr/5.4.0/../../../../avr/lib/avrxmega4\libm.a(fp_nan.o)
                0x0000360e                __fp_nan
 .text.avr-libc.fplib
                0x00003614        0xe k:/program files (x86)/atmel/studio/7.0/toolchain/avr8/avr8-gnu-toolchain/bin/../lib/gcc/avr/5.4.0/../../../../avr/lib/avrxmega4\libm.a(fp_pscA.o)
                0x00003614                __fp_pscA
 .text.avr-libc.fplib
                0x00003622        0xe k:/program files (x86)/atmel/studio/7.0/toolchain/avr8/avr8-gnu-toolchain/bin/../lib/gcc/avr/5.4.0/../../../../avr/lib/avrxmega4\libm.a(fp_pscB.o)
                0x00003622                __fp_pscB
 .text.avr-libc.fplib
                0x00003630       0x22 k:/program files (x86)/atmel/studio/7.0/toolchain/avr8/avr8-gnu-toolchain/bin/../lib/gcc/avr/5.4.0/../../../../avr/lib/avrxmega4\libm.a(fp_round.o)
                0x00003630                __fp_round
 .text.avr-libc.fplib
                0x00003652       0x44 k:/program files (x86)/atmel/studio/7.0/toolchain/avr8/avr8-gnu-toolchain/bin/../lib/gcc/avr/5.4.0/../../../../avr/lib/avrxmega4\libm.a(fp_split3.o)
                0x00003652                __fp_split3
                0x00003662                __fp_splitA
 .text.avr-libc.fplib
                0x00003696       0x2e k:/program files (x86)/atmel/studio/7.0/toolchain/avr8/avr8-gnu-toolchain/bin/../lib/gcc/avr/5.4.0/../../../../avr/lib/avrxmega4\libm.a(fp_trunc.o)
                0x00003696                __fp_trunc
 .text.avr-libc.fplib
                0x000036c4        0xe k:/program files (x86)/atmel/studio/7.0/toolchain/avr8/avr8-gnu-toolchain/bin/../lib/gcc/avr/5.4.0/../../../../avr/lib/avrxmega4\libm.a(fp_zero.o)
                0x000036c4                __fp_zero
                0x000036c6                __fp_szero
 .text.avr-libc.fplib
                0x000036d2        0x4 k:/program files (x86)/atmel/studio/7.0/toolchain/avr8/avr8-gnu-toolchain/bin/../lib/gcc/avr/5.4.0/../../../../avr/lib/avrxmega4\libm.a(mulsf3.o)
                0x000036d2                __mulsf3
 .text.avr-libc.fplib
                0x000036d6       0xc2 k:/program files (x86)/atmel/studio/7.0/toolchain/avr8/avr8-gnu-toolchain/bin/../lib/gcc/avr/5.4.0/../../../../avr/lib/avrxmega4\libm.a(mulsf3x.o)
                0x000036ea                __mulsf3x
                0x000036ee                __mulsf3_pse
 .text.libgcc.div
                0x00003798       0x28 k:/program files (x86)/atmel/studio/7.0/toolchain/avr8/avr8-gnu-toolchain/bin/../lib/gcc/avr/5.4.0/avrxmega4\libgcc.a(_udivmodhi4.o)
                0x00003798                __udivmodhi4
 .text.libgcc.div
                0x000037c0       0x26 k:/program files (x86)/atmel/studio/7.0/toolchain/avr8/avr8-gnu-toolchain/bin/../lib/gcc/avr/5.4.0/avrxmega4\libgcc.a(_divmodhi4.o)
                0x000037c0                _div
                0x000037c0                __divmodhi4
 .text.libgcc   0x000037e6       0x12 k:/program files (x86)/atmel/studio/7.0/toolchain/avr8/avr8-gnu-toolchain/bin/../lib/gcc/avr/5.4.0/avrxmega4\libgcc.a(_tablejump2.o)
                0x000037e6                __tablejump2__
 .text.avr-libc
                0x000037f8       0xaa k:/program files (x86)/atmel/studio/7.0/toolchain/avr8/avr8-gnu-toolchain/bin/../lib/gcc/avr/5.4.0/../../../../avr/lib/avrxmega4\libc.a(rand.o)
                0x00003884                rand_r
                0x00003886                rand
                0x0000388c                srand
 .text.avr-libc
                0x000038a2       0x12 k:/program files (x86)/atmel/studio/7.0/toolchain/avr8/avr8-gnu-toolchain/bin/../lib/gcc/avr/5.4.0/../../../../avr/lib/avrxmega4\libc.a(memcpy.o)
                0x000038a2                memcpy
 .text.avr-libc
                0x000038b4        0xe k:/program files (x86)/atmel/studio/7.0/toolchain/avr8/avr8-gnu-toolchain/bin/../lib/gcc/avr/5.4.0/../../../../avr/lib/avrxmega4\libc.a(strcpy.o)
                0x000038b4                strcpy
 .text.avr-libc
                0x000038c2       0x6c k:/program files (x86)/atmel/studio/7.0/toolchain/avr8/avr8-gnu-toolchain/bin/../lib/gcc/avr/5.4.0/../../../../avr/lib/avrxmega4\libc.a(snprintf.o)
                0x000038c2                snprintf
 .text.avr-libc
                0x0000392e      0x3ee k:/program files (x86)/atmel/studio/7.0/toolchain/avr8/avr8-gnu-toolchain/bin/../lib/gcc/avr/5.4.0/../../../../avr/lib/avrxmega4\libc.a(vfprintf_std.o)
                0x0000392e                vfprintf
 .text.avr-libc
                0x00003d1c       0x16 k:/program files (x86)/atmel/studio/7.0/toolchain/avr8/avr8-gnu-toolchain/bin/../lib/gcc/avr/5.4.0/../../../../avr/lib/avrxmega4\libc.a(strnlen_P.o)
                0x00003d1c                strnlen_P
 .text.avr-libc
                0x00003d32       0x16 k:/program files (x86)/atmel/studio/7.0/toolchain/avr8/avr8-gnu-toolchain/bin/../lib/gcc/avr/5.4.0/../../../../avr/lib/avrxmega4\libc.a(strnlen.o)
                0x00003d32                strnlen
 .text.avr-libc
                0x00003d48       0x78 k:/program files (x86)/atmel/studio/7.0/toolchain/avr8/avr8-gnu-toolchain/bin/../lib/gcc/avr/5.4.0/../../../../avr/lib/avrxmega4\libc.a(fputc.o)
                0x00003d48                fputc
 .text.avr-libc
                0x00003dc0       0xbc k:/program files (x86)/atmel/studio/7.0/toolchain/avr8/avr8-gnu-toolchain/bin/../lib/gcc/avr/5.4.0/../../../../avr/lib/avrxmega4\libc.a(ultoa_invert.o)
                0x00003dc0                __ultoa_invert
 .text.libgcc.div
                0x00003e7c       0x28 k:/program files (x86)/atmel/studio/7.0/toolchain/avr8/avr8-gnu-toolchain/bin/../lib/gcc/avr/5.4.0/avrxmega4\libgcc.a(_divmodsi4.o)
                0x00003e7c                __divmodsi4
 .text.libgcc.div
                0x00003ea4       0x10 k:/program files (x86)/atmel/studio/7.0/toolchain/avr8/avr8-gnu-toolchain/bin/../lib/gcc/avr/5.4.0/avrxmega4\libgcc.a(_negsi2.o)
                0x00003ea4                __negsi2
 .text.libgcc.mul
                0x00003eb4       0x14 k:/program files (x86)/atmel/studio/7.0/toolchain/avr8/avr8-gnu-toolchain/bin/../lib/gcc/avr/5.4.0/avrxmega4\libgcc.a(_muluhisi3.o)
                0x00003eb4                __muluhisi3
 .text.libgcc.mul
                0x00003ec8        0xc k:/program files (x86)/atmel/studio/7.0/toolchain/avr8/avr8-gnu-toolchain/bin/../lib/gcc/avr/5.4.0/avrxmega4\libgcc.a(_mulshisi3.o)
                0x00003ec8                __mulshisi3
                0x00003ecc                __mulohisi3
 .text.libgcc.div
                0x00003ed4       0x44 k:/program files (x86)/atmel/studio/7.0/toolchain/avr8/avr8-gnu-toolchain/bin/../lib/gcc/avr/5.4.0/avrxmega4\libgcc.a(_udivmodsi4.o)
                0x00003ed4                __udivmodsi4
 .text.libgcc.mul
                0x00003f18       0x1e k:/program files (x86)/atmel/studio/7.0/toolchain/avr8/avr8-gnu-toolchain/bin/../lib/gcc/avr/5.4.0/avrxmega4\libgcc.a(_umulhisi3.o)
                0x00003f18                __umulhisi3
                0x00003f36                . = ALIGN (0x2)
 *(.fini9)
 .fini9         0x00003f36        0x0 k:/program files (x86)/atmel/studio/7.0/toolchain/avr8/avr8-gnu-toolchain/bin/../lib/gcc/avr/5.4.0/avrxmega4\libgcc.a(_exit.o)
                0x00003f36                _exit
                0x00003f36                exit
 *(.fini9)
 *(.fini8)
 *(.fini8)
 *(.fini7)
 *(.fini7)
 *(.fini6)
 *(.fini6)
 *(.fini5)
 *(.fini5)
 *(.fini4)
 *(.fini4)
 *(.fini3)
 *(.fini3)
 *(.fini2)
 *(.fini2)
 *(.fini1)
 *(.fini1)
 *(.fini0)
 .fini0         0x00003f36        0x4 k:/program files (x86)/atmel/studio/7.0/toolchain/avr8/avr8-gnu-toolchain/bin/../lib/gcc/avr/5.4.0/avrxmega4\libgcc.a(_exit.o)
 *(.fini0)
                0x00003f3a                _etext = .

.data           0x00802000      0xc90 load address 0x00003f3a
                0x00802000                PROVIDE (__data_start, .)
 *(.data)
 .data          0x00802000        0x4 k:/program files (x86)/atmel/studio/7.0/toolchain/avr8/avr8-gnu-toolchain/bin/../lib/gcc/avr/5.4.0/../../../../avr/lib/avrxmega4\libc.a(rand.o)
 *(.data*)
 .data.speedCoeficient
                0x00802004        0x2 src/appbl.o
                0x00802004                speedCoeficient
 .data.A_CFIXEDEQ_ARR
                0x00802006       0x46 src/appbl.o
                0x00802006                A_CFIXEDEQ_ARR
 .data.A_CFIXEDEQ_STATE_SIZE
                0x0080204c        0x2 src/appbl.o
                0x0080204c                A_CFIXEDEQ_STATE_SIZE
 .data.A_CFIXEDEQ_SMOOTH
                0x0080204e        0x1 src/appbl.o
                0x0080204e                A_CFIXEDEQ_SMOOTH
 .data.A_CMOVINGEQR_ARR
                0x0080204f       0x6e src/appbl.o
                0x0080204f                A_CMOVINGEQR_ARR
 .data.A_CMOVINGEQ_STATE_SIZE
                0x008020bd        0x2 src/appbl.o
                0x008020bd                A_CMOVINGEQ_STATE_SIZE
 .data.A_CMOVINGEQ_SMOOTH
                0x008020bf        0x1 src/appbl.o
                0x008020bf                A_CMOVINGEQ_SMOOTH
 .data.A_FILLCENTER_ARR
                0x008020c0       0x46 src/appbl.o
                0x008020c0                A_FILLCENTER_ARR
 .data.A_FILLCENTER_STATE_SIZE
                0x00802106        0x2 src/appbl.o
                0x00802106                A_FILLCENTER_STATE_SIZE
 .data.A_FILLCENTER_SMOOTH
                0x00802108        0x1 src/appbl.o
                0x00802108                A_FILLCENTER_SMOOTH
 .data.A_FIXEDEQ_ARR
                0x00802109       0x6e src/appbl.o
                0x00802109                A_FIXEDEQ_ARR
 .data.A_FIXEDEQ_STATE_SIZE
                0x00802177        0x2 src/appbl.o
                0x00802177                A_FIXEDEQ_STATE_SIZE
 .data.A_FIXEDEQ_SMOOTH
                0x00802179        0x1 src/appbl.o
                0x00802179                A_FIXEDEQ_SMOOTH
 .data.A_MOVINGEQ_ARR
                0x0080217a       0x6e src/appbl.o
                0x0080217a                A_MOVINGEQ_ARR
 .data.A_MOVINGEQ_STATE_SIZE
                0x008021e8        0x2 src/appbl.o
                0x008021e8                A_MOVINGEQ_STATE_SIZE
 .data.A_MOVINGEQ_SMOOTH
                0x008021ea        0x1 src/appbl.o
                0x008021ea                A_MOVINGEQ_SMOOTH
 .data.A_PULSES_ARR
                0x008021eb       0x6e src/appbl.o
                0x008021eb                A_PULSES_ARR
 .data.A_PULSES_STATE_SIZE
                0x00802259        0x2 src/appbl.o
                0x00802259                A_PULSES_STATE_SIZE
 .data.A_PULSES_SMOOTH
                0x0080225b        0x1 src/appbl.o
                0x0080225b                A_PULSES_SMOOTH
 .data.A_PULSEC_ARR
                0x0080225c       0x14 src/appbl.o
                0x0080225c                A_PULSEC_ARR
 .data.A_PULSEC_STATE_SIZE
                0x00802270        0x2 src/appbl.o
                0x00802270                A_PULSEC_STATE_SIZE
 .data.A_PULSEC_SMOOTH
                0x00802272        0x1 src/appbl.o
                0x00802272                A_PULSEC_SMOOTH
 .data.A_PULSE_ARR
                0x00802273       0x14 src/appbl.o
                0x00802273                A_PULSE_ARR
 .data.A_PULSE_STATE_SIZE
                0x00802287        0x2 src/appbl.o
                0x00802287                A_PULSE_STATE_SIZE
 .data.A_PULSE_SMOOTH
                0x00802289        0x1 src/appbl.o
                0x00802289                A_PULSE_SMOOTH
 .data.A_FILLL_ARR
                0x0080228a       0x6e src/appbl.o
                0x0080228a                A_FILLL_ARR
 .data.A_FILLL_STATE_SIZE
                0x008022f8        0x2 src/appbl.o
                0x008022f8                A_FILLL_STATE_SIZE
 .data.A_FILLL_SMOOTH
                0x008022fa        0x1 src/appbl.o
                0x008022fa                A_FILLL_SMOOTH
 .data.FactoryPresets
                0x008022fb       0xdc src/menu.o
                0x008022fb                FactoryPresets
 .data.lcdLight
                0x008023d7        0x1 src/menu.o
                0x008023d7                lcdLight
 .data.boxLight
                0x008023d8        0x1 src/menu.o
                0x008023d8                boxLight
 .data.nbPixels6
                0x008023d9        0x1 src/menu.o
                0x008023d9                nbPixels6
 .data.nbPixels5
                0x008023da        0x1 src/menu.o
                0x008023da                nbPixels5
 .data.nbPixels4
                0x008023db        0x1 src/menu.o
                0x008023db                nbPixels4
 .data.nbPixels3
                0x008023dc        0x1 src/menu.o
                0x008023dc                nbPixels3
 .data.nbPixels2
                0x008023dd        0x1 src/menu.o
                0x008023dd                nbPixels2
 .data.nbPixels1
                0x008023de        0x1 src/menu.o
                0x008023de                nbPixels1
 .data.inputSens6
                0x008023df        0x1 src/menu.o
                0x008023df                inputSens6
 .data.inputSens5
                0x008023e0        0x1 src/menu.o
                0x008023e0                inputSens5
 .data.inputSens4
                0x008023e1        0x1 src/menu.o
                0x008023e1                inputSens4
 .data.inputSens3
                0x008023e2        0x1 src/menu.o
                0x008023e2                inputSens3
 .data.inputSens2
                0x008023e3        0x1 src/menu.o
                0x008023e3                inputSens2
 .data.inputSens1
                0x008023e4        0x1 src/menu.o
                0x008023e4                inputSens1
 .data.dimmer   0x008023e5        0x1 src/menu.o
                0x008023e5                dimmer
 .data.colorB2  0x008023e6        0x1 src/menu.o
                0x008023e6                colorB2
 .data.colorG2  0x008023e7        0x1 src/menu.o
                0x008023e7                colorG2
 .data.colorR2  0x008023e8        0x1 src/menu.o
                0x008023e8                colorR2
 .data.colorB1  0x008023e9        0x1 src/menu.o
                0x008023e9                colorB1
 .data.colorG1  0x008023ea        0x1 src/menu.o
                0x008023ea                colorG1
 .data.colorR1  0x008023eb        0x1 src/menu.o
                0x008023eb                colorR1
 .data.release  0x008023ec        0x1 src/menu.o
                0x008023ec                release
 .data.animation
                0x008023ed        0x1 src/menu.o
                0x008023ed                animation
 .data.dmxAddress
                0x008023ee        0x1 src/menu.o
                0x008023ee                dmxAddress
 .data.valueLCD
                0x008023ef        0x2 src/menu.o
                0x008023ef                valueLCD
 .data.titleLCD
                0x008023f1        0x2 src/menu.o
                0x008023f1                titleLCD
 .data.menuLastState
                0x008023f3        0x2 src/menu.o
                0x008023f3                menuLastState
 *(.gnu.linkonce.d*)
 *(.rodata)
 *(.rodata*)
 .rodata.CURVE_SINFADE_ARR
                0x008023f5      0x100 src/appbl.o
                0x008023f5                CURVE_SINFADE_ARR
 .rodata.CURVE_LOG_ARR
                0x008024f5      0x100 src/appbl.o
                0x008024f5                CURVE_LOG_ARR
 .rodata.CURVE_EXP_ARR
                0x008025f5      0x100 src/appbl.o
                0x008025f5                CURVE_EXP_ARR
 .rodata.CURVE_LINEAR_ARR
                0x008026f5      0x100 src/appbl.o
                0x008026f5                CURVE_LINEAR_ARR
 .rodata.str1.1
                0x008027f5        0xe src/main.o
 .rodata.str1.1
                0x00802803      0x3ea src/menu.o
                                0x3ef (size before relaxing)
 .rodata.MENU_L4_USERPRESETS
                0x00802bed       0x2a src/menu.o
                0x00802bed                MENU_L4_USERPRESETS
 .rodata.MENU_L3_USERPRESETS
                0x00802c17        0x6 src/menu.o
                0x00802c17                MENU_L3_USERPRESETS
 .rodata.MENU_L3_FACTORYPRESETS
                0x00802c1d       0x2a src/menu.o
                0x00802c1d                MENU_L3_FACTORYPRESETS
 .rodata.MENU_L2_SETUP
                0x00802c47       0x1e src/menu.o
                0x00802c47                MENU_L2_SETUP
 .rodata.MENU_L2_ACTIVATION
                0x00802c65        0xa src/menu.o
                0x00802c65                MENU_L2_ACTIVATION
 .rodata.MENU_L2_COLORS
                0x00802c6f       0x10 src/menu.o
                0x00802c6f                MENU_L2_COLORS
 .rodata.MENU_L1
                0x00802c7f       0x10 src/menu.o
                0x00802c7f                MENU_L1
 *(.gnu.linkonce.r*)
                0x00802c90                . = ALIGN (0x2)
 *fill*         0x00802c8f        0x1 
                0x00802c90                _edata = .
                0x00802c90                PROVIDE (__data_end, .)

.bss            0x00802c90      0x2e7
                0x00802c90                PROVIDE (__bss_start, .)
 *(.bss)
 *(.bss*)
 .bss.direction
                0x00802c90        0xc src/appbl.o
                0x00802c90                direction
 .bss.DISPLAY_PIXELS
                0x00802c9c      0x21c src/appbl.o
                0x00802c9c                DISPLAY_PIXELS
 .bss.trig      0x00802eb8        0xc src/appbl.o
                0x00802eb8                trig
 .bss.ANIMATION_VALUES
                0x00802ec4       0x18 src/appbl.o
                0x00802ec4                ANIMATION_VALUES
 .bss.lcd_line  0x00802edc        0x1 src/i2c_lcd.o
                0x00802edc                lcd_line
 .bss.i2c_lcd_status
                0x00802edd        0x1 src/i2c_lcd.o
                0x00802edd                i2c_lcd_status
 .bss.ferrCount
                0x00802ede        0x2 src/main.o
                0x00802ede                ferrCount
 .bss.status    0x00802ee0        0x2 src/main.o
                0x00802ee0                status
 .bss.dmxCount  0x00802ee2        0x2 src/main.o
                0x00802ee2                dmxCount
 .bss.dmxData   0x00802ee4        0x2 src/main.o
                0x00802ee4                dmxData
 .bss.lastCounterButton
                0x00802ee6        0x2 src/menu.o
                0x00802ee6                lastCounterButton
 .bss.lastCounter
                0x00802ee8        0x2 src/menu.o
                0x00802ee8                lastCounter
 .bss.ledCount  0x00802eea        0x1 src/menu.o
                0x00802eea                ledCount
 .bss.emptyString
                0x00802eeb       0x10 src/menu.o
                0x00802eeb                emptyString
 .bss.TRIGGER_STATES
                0x00802efb       0x18 src/menu.o
                0x00802efb                TRIGGER_STATES
 .bss.releaseCurve
                0x00802f13        0x1 src/menu.o
                0x00802f13                releaseCurve
 .bss.animationTrigger
                0x00802f14        0x1 src/menu.o
                0x00802f14                animationTrigger
 .bss.operationMode
                0x00802f15        0x1 src/menu.o
                0x00802f15                operationMode
 .bss.editingValue
                0x00802f16        0x1 src/menu.o
                0x00802f16                editingValue
 .bss.menuStates
                0x00802f17        0x8 src/menu.o
                0x00802f17                menuStates
 .bss.menuState
                0x00802f1f        0x2 src/menu.o
                0x00802f1f                menuState
 .bss.menuLevel
                0x00802f21        0x2 src/menu.o
                0x00802f21                menuLevel
 .bss.countTCF0
                0x00802f23        0x4 src/menu.o
                0x00802f23                countTCF0
 *(COMMON)
 COMMON         0x00802f27       0x50 src/menu.o
                0x00802f27                read_page
                0x00802f47                write_page
                0x00802f67                preset_page
                0x00802f77                PROVIDE (__bss_end, .)
                0x00003f3a                __data_load_start = LOADADDR (.data)
                0x00004bca                __data_load_end = (__data_load_start + SIZEOF (.data))

.noinit         0x00802f77        0x0
                [!provide]                PROVIDE (__noinit_start, .)
 *(.noinit*)
                [!provide]                PROVIDE (__noinit_end, .)
                0x00802f77                _end = .
                [!provide]                PROVIDE (__heap_start, .)

.eeprom         0x00810000        0x0
 *(.eeprom*)
                0x00810000                __eeprom_end = .

.fuse
 *(.fuse)
 *(.lfuse)
 *(.hfuse)
 *(.efuse)

.lock
 *(.lock*)

.signature
 *(.signature*)

.user_signatures
 *(.user_signatures*)

.stab
 *(.stab)

.stabstr
 *(.stabstr)

.stab.excl
 *(.stab.excl)

.stab.exclstr
 *(.stab.exclstr)

.stab.index
 *(.stab.index)

.stab.indexstr
 *(.stab.indexstr)

.comment        0x00000000       0x5c
 *(.comment)
 .comment       0x00000000       0x30 src/appbl.o
                                 0x31 (size before relaxing)
 .comment       0x00000030       0x31 src/i2c.o
 .comment       0x00000030       0x31 src/i2c_lcd.o
 .comment       0x00000030       0x31 src/main.o
 .comment       0x00000030       0x31 src/menu.o
 .comment       0x00000030       0x31 src/ws2812b.o
 .comment       0x00000030       0x31 src/ASF/xmega/drivers/nvm/nvm.o
 .comment       0x00000030       0x31 k:/program files (x86)/atmel/studio/7.0/toolchain/avr8/avr8-gnu-toolchain/bin/../lib/gcc/avr/5.4.0/../../../../avr/lib/avrxmega4\libc.a(rand.o)
 .comment       0x00000030       0x31 k:/program files (x86)/atmel/studio/7.0/toolchain/avr8/avr8-gnu-toolchain/bin/../lib/gcc/avr/5.4.0/../../../../avr/lib/avrxmega4\libc.a(snprintf.o)
 .comment       0x00000030       0x2c k:/program files (x86)/atmel/studio/7.0/toolchain/avr8/avr8-gnu-toolchain/bin/../lib/gcc/avr/5.4.0/../../../../avr/lib/avrxmega4\libc.a(vfprintf_std.o)
                                 0x2d (size before relaxing)
 .comment       0x0000005c       0x31 k:/program files (x86)/atmel/studio/7.0/toolchain/avr8/avr8-gnu-toolchain/bin/../lib/gcc/avr/5.4.0/../../../../avr/lib/avrxmega4\libc.a(fputc.o)

.note.gnu.avr.deviceinfo
                0x00000000       0x40
 .note.gnu.avr.deviceinfo
                0x00000000       0x40 K:/Program Files (x86)/Atmel/Studio/7.0/Packs/atmel/XMEGAA_DFP/1.1.68/gcc/dev/atxmega64a3u/avrxmega4/crtatxmega64a3u.o

.note.gnu.build-id
 *(.note.gnu.build-id)

.debug
 *(.debug)

.line
 *(.line)

.debug_srcinfo
 *(.debug_srcinfo)

.debug_sfnames
 *(.debug_sfnames)

.debug_aranges  0x00000000      0x2a8
 *(.debug_aranges)
 .debug_aranges
                0x00000000       0x40 src/appbl.o
 .debug_aranges
                0x00000040       0x48 src/i2c.o
 .debug_aranges
                0x00000088       0x78 src/i2c_lcd.o
 .debug_aranges
                0x00000100       0x38 src/main.o
 .debug_aranges
                0x00000138       0x68 src/menu.o
 .debug_aranges
                0x000001a0       0x28 src/ws2812b.o
 .debug_aranges
                0x000001c8       0xc0 src/ASF/xmega/drivers/nvm/nvm.o
 .debug_aranges
                0x00000288       0x20 src/ASF/xmega/drivers/cpu/ccp.o

.debug_pubnames
 *(.debug_pubnames)

.debug_info     0x00000000     0xa15c
 *(.debug_info .gnu.linkonce.wi.*)
 .debug_info    0x00000000     0x3409 K:/Program Files (x86)/Atmel/Studio/7.0/Packs/atmel/XMEGAA_DFP/1.1.68/gcc/dev/atxmega64a3u/avrxmega4/crtatxmega64a3u.o
 .debug_info    0x00003409      0xaca src/appbl.o
 .debug_info    0x00003ed3      0x395 src/i2c.o
 .debug_info    0x00004268      0x711 src/i2c_lcd.o
 .debug_info    0x00004979     0x276c src/main.o
 .debug_info    0x000070e5     0x184b src/menu.o
 .debug_info    0x00008930      0x41c src/ws2812b.o
 .debug_info    0x00008d4c     0x1397 src/ASF/xmega/drivers/nvm/nvm.o
 .debug_info    0x0000a0e3       0x79 src/ASF/xmega/drivers/cpu/ccp.o

.debug_abbrev   0x00000000     0x41b2
 *(.debug_abbrev)
 .debug_abbrev  0x00000000     0x3148 K:/Program Files (x86)/Atmel/Studio/7.0/Packs/atmel/XMEGAA_DFP/1.1.68/gcc/dev/atxmega64a3u/avrxmega4/crtatxmega64a3u.o
 .debug_abbrev  0x00003148      0x256 src/appbl.o
 .debug_abbrev  0x0000339e      0x12c src/i2c.o
 .debug_abbrev  0x000034ca      0x1a1 src/i2c_lcd.o
 .debug_abbrev  0x0000366b      0x2f8 src/main.o
 .debug_abbrev  0x00003963      0x32d src/menu.o
 .debug_abbrev  0x00003c90      0x142 src/ws2812b.o
 .debug_abbrev  0x00003dd2      0x3cc src/ASF/xmega/drivers/nvm/nvm.o
 .debug_abbrev  0x0000419e       0x14 src/ASF/xmega/drivers/cpu/ccp.o

.debug_line     0x00000000     0x4362
 *(.debug_line .debug_line.* .debug_line_end)
 .debug_line    0x00000000      0x391 K:/Program Files (x86)/Atmel/Studio/7.0/Packs/atmel/XMEGAA_DFP/1.1.68/gcc/dev/atxmega64a3u/avrxmega4/crtatxmega64a3u.o
 .debug_line    0x00000391      0xa53 src/appbl.o
 .debug_line    0x00000de4      0x385 src/i2c.o
 .debug_line    0x00001169      0x58e src/i2c_lcd.o
 .debug_line    0x000016f7      0x97b src/main.o
 .debug_line    0x00002072     0x10c4 src/menu.o
 .debug_line    0x00003136      0x644 src/ws2812b.o
 .debug_line    0x0000377a      0xb7a src/ASF/xmega/drivers/nvm/nvm.o
 .debug_line    0x000042f4       0x6e src/ASF/xmega/drivers/cpu/ccp.o

.debug_frame    0x00000000      0xa14
 *(.debug_frame)
 .debug_frame   0x00000000      0x1d4 src/appbl.o
 .debug_frame   0x000001d4       0x74 src/i2c.o
 .debug_frame   0x00000248       0xf0 src/i2c_lcd.o
 .debug_frame   0x00000338      0x12c src/main.o
 .debug_frame   0x00000464      0x238 src/menu.o
 .debug_frame   0x0000069c       0x34 src/ws2812b.o
 .debug_frame   0x000006d0      0x344 src/ASF/xmega/drivers/nvm/nvm.o

.debug_str      0x00000000    0x2f9f5
 *(.debug_str)
 .debug_str     0x00000000     0x223b K:/Program Files (x86)/Atmel/Studio/7.0/Packs/atmel/XMEGAA_DFP/1.1.68/gcc/dev/atxmega64a3u/avrxmega4/crtatxmega64a3u.o
 .debug_str     0x0000223b    0x2a84b src/appbl.o
                              0x2aec8 (size before relaxing)
 .debug_str     0x0002ca86      0x1f2 src/i2c.o
                              0x19e15 (size before relaxing)
 .debug_str     0x0002cc78      0x12d src/i2c_lcd.o
                              0x1a70b (size before relaxing)
 .debug_str     0x0002cda5     0x24bc src/main.o
                              0x2d0a9 (size before relaxing)
 .debug_str     0x0002f261      0x271 src/menu.o
                              0x2b15d (size before relaxing)
 .debug_str     0x0002f4d2       0x31 src/ws2812b.o
                              0x29607 (size before relaxing)
 .debug_str     0x0002f503      0x4f2 src/ASF/xmega/drivers/nvm/nvm.o
                              0x29047 (size before relaxing)

.debug_loc      0x00000000     0x356e
 *(.debug_loc)
 .debug_loc     0x00000000      0xe8d src/appbl.o
 .debug_loc     0x00000e8d      0x123 src/i2c.o
 .debug_loc     0x00000fb0      0x35d src/i2c_lcd.o
 .debug_loc     0x0000130d      0x42f src/main.o
 .debug_loc     0x0000173c      0xa23 src/menu.o
 .debug_loc     0x0000215f      0x1ef src/ws2812b.o
 .debug_loc     0x0000234e     0x1220 src/ASF/xmega/drivers/nvm/nvm.o

.debug_macinfo
 *(.debug_macinfo)

.debug_weaknames
 *(.debug_weaknames)

.debug_funcnames
 *(.debug_funcnames)

.debug_typenames
 *(.debug_typenames)

.debug_varnames
 *(.debug_varnames)

.debug_pubtypes
 *(.debug_pubtypes)

.debug_ranges   0x00000000      0x2d0
 *(.debug_ranges)
 .debug_ranges  0x00000000       0xb8 src/appbl.o
 .debug_ranges  0x000000b8       0x38 src/i2c.o
 .debug_ranges  0x000000f0       0x68 src/i2c_lcd.o
 .debug_ranges  0x00000158       0x28 src/main.o
 .debug_ranges  0x00000180       0x70 src/menu.o
 .debug_ranges  0x000001f0       0x18 src/ws2812b.o
 .debug_ranges  0x00000208       0xc8 src/ASF/xmega/drivers/nvm/nvm.o

.debug_macro    0x00000000     0xa473
 *(.debug_macro)
 .debug_macro   0x00000000      0x237 src/appbl.o
 .debug_macro   0x00000237      0xa72 src/appbl.o
 .debug_macro   0x00000ca9       0x10 src/appbl.o
 .debug_macro   0x00000cb9      0x1c9 src/appbl.o
 .debug_macro   0x00000e82      0x2fc src/appbl.o
 .debug_macro   0x0000117e       0x9e src/appbl.o
 .debug_macro   0x0000121c     0x62da src/appbl.o
 .debug_macro   0x000074f6       0x9a src/appbl.o
 .debug_macro   0x00007590       0xf1 src/appbl.o
 .debug_macro   0x00007681       0x34 src/appbl.o
 .debug_macro   0x000076b5       0x16 src/appbl.o
 .debug_macro   0x000076cb       0x18 src/appbl.o
 .debug_macro   0x000076e3       0x5e src/appbl.o
 .debug_macro   0x00007741       0x10 src/appbl.o
 .debug_macro   0x00007751       0x22 src/appbl.o
 .debug_macro   0x00007773      0x16d src/appbl.o
 .debug_macro   0x000078e0       0x1c src/appbl.o
 .debug_macro   0x000078fc       0x35 src/appbl.o
 .debug_macro   0x00007931       0x66 src/appbl.o
 .debug_macro   0x00007997      0x64b src/appbl.o
 .debug_macro   0x00007fe2       0x97 src/appbl.o
 .debug_macro   0x00008079       0x17 src/appbl.o
 .debug_macro   0x00008090      0x250 src/appbl.o
 .debug_macro   0x000082e0       0x76 src/appbl.o
 .debug_macro   0x00008356       0x16 src/appbl.o
 .debug_macro   0x0000836c      0x6e3 src/appbl.o
 .debug_macro   0x00008a4f       0x10 src/appbl.o
 .debug_macro   0x00008a5f      0x175 src/appbl.o
 .debug_macro   0x00008bd4       0x40 src/appbl.o
 .debug_macro   0x00008c14       0x69 src/appbl.o
 .debug_macro   0x00008c7d       0x32 src/appbl.o
 .debug_macro   0x00008caf       0xe4 src/appbl.o
 .debug_macro   0x00008d93       0x20 src/appbl.o
 .debug_macro   0x00008db3      0x11e src/appbl.o
 .debug_macro   0x00008ed1      0x160 src/appbl.o
 .debug_macro   0x00009031       0x46 src/appbl.o
 .debug_macro   0x00009077       0x22 src/appbl.o
 .debug_macro   0x00009099      0x33f src/appbl.o
 .debug_macro   0x000093d8       0x34 src/appbl.o
 .debug_macro   0x0000940c      0x130 src/appbl.o
 .debug_macro   0x0000953c       0x58 src/appbl.o
 .debug_macro   0x00009594       0x10 src/appbl.o
 .debug_macro   0x000095a4       0xf2 src/appbl.o
 .debug_macro   0x00009696       0x16 src/appbl.o
 .debug_macro   0x000096ac       0x9a src/i2c.o
 .debug_macro   0x00009746       0xc0 src/i2c_lcd.o
 .debug_macro   0x00009806       0x10 src/i2c_lcd.o
 .debug_macro   0x00009816      0x166 src/i2c_lcd.o
 .debug_macro   0x0000997c       0xaa src/i2c_lcd.o
 .debug_macro   0x00009a26      0x247 src/main.o
 .debug_macro   0x00009c6d      0x232 src/menu.o
 .debug_macro   0x00009e9f       0x97 src/menu.o
 .debug_macro   0x00009f36       0x97 src/menu.o
 .debug_macro   0x00009fcd       0x20 src/menu.o
 .debug_macro   0x00009fed       0x86 src/menu.o
 .debug_macro   0x0000a073      0x226 src/ws2812b.o
 .debug_macro   0x0000a299       0x1c src/ws2812b.o
 .debug_macro   0x0000a2b5      0x198 src/ASF/xmega/drivers/nvm/nvm.o
 .debug_macro   0x0000a44d       0x26 src/ASF/xmega/drivers/nvm/nvm.o
OUTPUT(ECDLM001_V7.elf elf32-avr)
LOAD linker stubs
