Archive member included to satisfy reference by file (symbol)

c:/program files (x86)/atmel/studio/7.0/toolchain/avr8/avr8-gnu-toolchain/bin/../lib/gcc/avr/5.4.0/../../../../avr/lib/avrxmega6\libm.a(divsf3.o)
                              src/appbl.o (__divsf3)
c:/program files (x86)/atmel/studio/7.0/toolchain/avr8/avr8-gnu-toolchain/bin/../lib/gcc/avr/5.4.0/../../../../avr/lib/avrxmega6\libm.a(divsf3x.o)
                              c:/program files (x86)/atmel/studio/7.0/toolchain/avr8/avr8-gnu-toolchain/bin/../lib/gcc/avr/5.4.0/../../../../avr/lib/avrxmega6\libm.a(divsf3.o) (__divsf3x)
c:/program files (x86)/atmel/studio/7.0/toolchain/avr8/avr8-gnu-toolchain/bin/../lib/gcc/avr/5.4.0/../../../../avr/lib/avrxmega6\libm.a(fixsfsi.o)
                              src/appbl.o (__fixsfsi)
c:/program files (x86)/atmel/studio/7.0/toolchain/avr8/avr8-gnu-toolchain/bin/../lib/gcc/avr/5.4.0/../../../../avr/lib/avrxmega6\libm.a(fixunssfsi.o)
                              c:/program files (x86)/atmel/studio/7.0/toolchain/avr8/avr8-gnu-toolchain/bin/../lib/gcc/avr/5.4.0/../../../../avr/lib/avrxmega6\libm.a(fixsfsi.o) (__fixunssfsi)
c:/program files (x86)/atmel/studio/7.0/toolchain/avr8/avr8-gnu-toolchain/bin/../lib/gcc/avr/5.4.0/../../../../avr/lib/avrxmega6\libm.a(floatsisf.o)
                              src/appbl.o (__floatsisf)
c:/program files (x86)/atmel/studio/7.0/toolchain/avr8/avr8-gnu-toolchain/bin/../lib/gcc/avr/5.4.0/../../../../avr/lib/avrxmega6\libm.a(floor.o)
                              src/appbl.o (floor)
c:/program files (x86)/atmel/studio/7.0/toolchain/avr8/avr8-gnu-toolchain/bin/../lib/gcc/avr/5.4.0/../../../../avr/lib/avrxmega6\libm.a(fp_inf.o)
                              c:/program files (x86)/atmel/studio/7.0/toolchain/avr8/avr8-gnu-toolchain/bin/../lib/gcc/avr/5.4.0/../../../../avr/lib/avrxmega6\libm.a(divsf3x.o) (__fp_inf)
c:/program files (x86)/atmel/studio/7.0/toolchain/avr8/avr8-gnu-toolchain/bin/../lib/gcc/avr/5.4.0/../../../../avr/lib/avrxmega6\libm.a(fp_mintl.o)
                              c:/program files (x86)/atmel/studio/7.0/toolchain/avr8/avr8-gnu-toolchain/bin/../lib/gcc/avr/5.4.0/../../../../avr/lib/avrxmega6\libm.a(floor.o) (__fp_mintl)
c:/program files (x86)/atmel/studio/7.0/toolchain/avr8/avr8-gnu-toolchain/bin/../lib/gcc/avr/5.4.0/../../../../avr/lib/avrxmega6\libm.a(fp_mpack.o)
                              c:/program files (x86)/atmel/studio/7.0/toolchain/avr8/avr8-gnu-toolchain/bin/../lib/gcc/avr/5.4.0/../../../../avr/lib/avrxmega6\libm.a(floor.o) (__fp_mpack)
c:/program files (x86)/atmel/studio/7.0/toolchain/avr8/avr8-gnu-toolchain/bin/../lib/gcc/avr/5.4.0/../../../../avr/lib/avrxmega6\libm.a(fp_nan.o)
                              c:/program files (x86)/atmel/studio/7.0/toolchain/avr8/avr8-gnu-toolchain/bin/../lib/gcc/avr/5.4.0/../../../../avr/lib/avrxmega6\libm.a(divsf3x.o) (__fp_nan)
c:/program files (x86)/atmel/studio/7.0/toolchain/avr8/avr8-gnu-toolchain/bin/../lib/gcc/avr/5.4.0/../../../../avr/lib/avrxmega6\libm.a(fp_pscA.o)
                              c:/program files (x86)/atmel/studio/7.0/toolchain/avr8/avr8-gnu-toolchain/bin/../lib/gcc/avr/5.4.0/../../../../avr/lib/avrxmega6\libm.a(divsf3x.o) (__fp_pscA)
c:/program files (x86)/atmel/studio/7.0/toolchain/avr8/avr8-gnu-toolchain/bin/../lib/gcc/avr/5.4.0/../../../../avr/lib/avrxmega6\libm.a(fp_pscB.o)
                              c:/program files (x86)/atmel/studio/7.0/toolchain/avr8/avr8-gnu-toolchain/bin/../lib/gcc/avr/5.4.0/../../../../avr/lib/avrxmega6\libm.a(divsf3x.o) (__fp_pscB)
c:/program files (x86)/atmel/studio/7.0/toolchain/avr8/avr8-gnu-toolchain/bin/../lib/gcc/avr/5.4.0/../../../../avr/lib/avrxmega6\libm.a(fp_round.o)
                              c:/program files (x86)/atmel/studio/7.0/toolchain/avr8/avr8-gnu-toolchain/bin/../lib/gcc/avr/5.4.0/../../../../avr/lib/avrxmega6\libm.a(divsf3.o) (__fp_round)
c:/program files (x86)/atmel/studio/7.0/toolchain/avr8/avr8-gnu-toolchain/bin/../lib/gcc/avr/5.4.0/../../../../avr/lib/avrxmega6\libm.a(fp_split3.o)
                              c:/program files (x86)/atmel/studio/7.0/toolchain/avr8/avr8-gnu-toolchain/bin/../lib/gcc/avr/5.4.0/../../../../avr/lib/avrxmega6\libm.a(divsf3x.o) (__fp_split3)
c:/program files (x86)/atmel/studio/7.0/toolchain/avr8/avr8-gnu-toolchain/bin/../lib/gcc/avr/5.4.0/../../../../avr/lib/avrxmega6\libm.a(fp_trunc.o)
                              c:/program files (x86)/atmel/studio/7.0/toolchain/avr8/avr8-gnu-toolchain/bin/../lib/gcc/avr/5.4.0/../../../../avr/lib/avrxmega6\libm.a(floor.o) (__fp_trunc)
c:/program files (x86)/atmel/studio/7.0/toolchain/avr8/avr8-gnu-toolchain/bin/../lib/gcc/avr/5.4.0/../../../../avr/lib/avrxmega6\libm.a(fp_zero.o)
                              c:/program files (x86)/atmel/studio/7.0/toolchain/avr8/avr8-gnu-toolchain/bin/../lib/gcc/avr/5.4.0/../../../../avr/lib/avrxmega6\libm.a(fixunssfsi.o) (__fp_zero)
[...]
Memory Configuration

Name             Origin             Length             Attributes
text             0x00000000         0x00032000         xr
data             0x00802000         0x00004000         rw !x
eeprom           0x00810000         0x00000800         rw !x
fuse             0x00820000         0x00000006         rw !x
lock             0x00830000         0x00000400         rw !x
signature        0x00840000         0x00000400         rw !x
user_signatures  0x00850000         0x00000400         rw !x
*default*        0x00000000         0xffffffff

Linker script and memory map

LOAD C:/Program Files (x86)/Atmel/Studio/7.0/Packs/atmel/XMEGAA_DFP/1.3.146/gcc/dev/atxmega192a3u/avrxmega6/crtatxmega192a3u.o
LOAD src/appbl.o
LOAD src/ASF/common/boards/user_board/init.o
LOAD src/i2c.o
LOAD src/i2c_lcd.o
LOAD src/main.o
LOAD src/menu.o
LOAD src/ws2812b.o
LOAD src/ASF/xmega/drivers/nvm/nvm.o
LOAD src/ASF/xmega/drivers/nvm/nvm_asm.o
LOAD src/ASF/xmega/drivers/cpu/ccp.o
START GROUP
LOAD c:/program files (x86)/atmel/studio/7.0/toolchain/avr8/avr8-gnu-toolchain/bin/../lib/gcc/avr/5.4.0/../../../../avr/lib/avrxmega6\libm.a
END GROUP
START GROUP
LOAD c:/program files (x86)/atmel/studio/7.0/toolchain/avr8/avr8-gnu-toolchain/bin/../lib/gcc/avr/5.4.0/avrxmega6\libgcc.a
LOAD c:/program files (x86)/atmel/studio/7.0/toolchain/avr8/avr8-gnu-toolchain/bin/../lib/gcc/avr/5.4.0/../../../../avr/lib/avrxmega6\libm.a
LOAD c:/program files (x86)/atmel/studio/7.0/toolchain/avr8/avr8-gnu-toolchain/bin/../lib/gcc/avr/5.4.0/../../../../avr/lib/avrxmega6\libc.a
LOAD C:/Program Files (x86)/Atmel/Studio/7.0/Packs/atmel/XMEGAA_DFP/1.3.146/gcc/dev/atxmega192a3u/avrxmega6\libatxmega192a3u.a
END GROUP
                [0x00000000]                __TEXT_REGION_ORIGIN__ = DEFINED (__TEXT_REGION_ORIGIN__)?__TEXT_REGION_ORIGIN__:0x0
                [0x00802000]                __DATA_REGION_ORIGIN__ = DEFINED (__DATA_REGION_ORIGIN__)?__DATA_REGION_ORIGIN__:0x802000
                [0x00032000]                __TEXT_REGION_LENGTH__ = DEFINED (__TEXT_REGION_LENGTH__)?__TEXT_REGION_LENGTH__:0x100000
                [0x00004000]                __DATA_REGION_LENGTH__ = DEFINED (__DATA_REGION_LENGTH__)?__DATA_REGION_LENGTH__:0xffa0
                [0x00000800]                __EEPROM_REGION_LENGTH__ = DEFINED (__EEPROM_REGION_LENGTH__)?__EEPROM_REGION_LENGTH__:0x10000
                [0x00000006]                __FUSE_REGION_LENGTH__ = DEFINED (__FUSE_REGION_LENGTH__)?__FUSE_REGION_LENGTH__:0x400
                0x00000400                __LOCK_REGION_LENGTH__ = DEFINED (__LOCK_REGION_LENGTH__)?__LOCK_REGION_LENGTH__:0x400
                0x00000400                __SIGNATURE_REGION_LENGTH__ = DEFINED (__SIGNATURE_REGION_LENGTH__)?__SIGNATURE_REGION_LENGTH__:0x400
                0x00000400                __USER_SIGNATURE_REGION_LENGTH__ = DEFINED (__USER_SIGNATURE_REGION_LENGTH__)?__USER_SIGNATURE_REGION_LENGTH__:0x400

.hash
 *(.hash)

.dynsym
 *(.dynsym)

.dynstr
 *(.dynstr)

.gnu.version
 *(.gnu.version)

.gnu.version_d
 *(.gnu.version_d)

.gnu.version_r
 *(.gnu.version_r)

.rel.init
 *(.rel.init)

.rela.init
 *(.rela.init)

.rel.text
 *(.rel.text)
 *(.rel.text.*)
 *(.rel.gnu.linkonce.t*)

.rela.text
 *(.rela.text)
 *(.rela.text.*)
 *(.rela.gnu.linkonce.t*)

.rel.fini
 *(.rel.fini)

.rela.fini
 *(.rela.fini)

.rel.rodata
 *(.rel.rodata)
 *(.rel.rodata.*)
 *(.rel.gnu.linkonce.r*)

.rela.rodata
 *(.rela.rodata)
 *(.rela.rodata.*)
 *(.rela.gnu.linkonce.r*)

.rel.data
 *(.rel.data)
 *(.rel.data.*)
 *(.rel.gnu.linkonce.d*)

.rela.data
 *(.rela.data)
 *(.rela.data.*)
 *(.rela.gnu.linkonce.d*)

.rel.ctors
 *(.rel.ctors)

.rela.ctors
 *(.rela.ctors)

.rel.dtors
 *(.rel.dtors)

.rela.dtors
 *(.rela.dtors)

.rel.got
 *(.rel.got)

.rela.got
 *(.rela.got)

.rel.bss
 *(.rel.bss)

.rela.bss
 *(.rela.bss)

.rel.plt
 *(.rel.plt)

.rela.plt
 *(.rela.plt)

.text           0x00000000     0x43c8
 *(.vectors)
 .vectors       0x00000000      0x1fc C:/Program Files (x86)/Atmel/Studio/7.0/Packs/atmel/XMEGAA_DFP/1.3.146/gcc/dev/atxmega192a3u/avrxmega6/crtatxmega192a3u.o
                0x00000000                __vector_default
                0x00000000                __vectors
 *(.vectors)
 *(.progmem.gcc*)
 .progmem.gcc_sw_table.updatePixels
                0x000001fc       0x12 src/appbl.o
 .progmem.gcc_sw_table.__vector_77
                0x0000020e        0xe src/appbl.o
 .progmem.gcc_sw_table.__vector_14
                0x0000021c      0x282 src/menu.o
 .progmem.gcc_sw_table.__vector_47
                0x0000049e       0x42 src/menu.o
                0x000004e0                . = ALIGN (0x2)
                0x000004e0                __trampolines_start = .
 *(.trampolines)
 .trampolines   0x000004e0        0x0 linker stubs
 *(.trampolines*)
                0x000004e0                __trampolines_end = .
 *libprintf_flt.a:*(.progmem.data)
 *libc.a:*(.progmem.data)
 *(.progmem*)
 .progmem.data.modeNames
                0x000004e0        0x4 src/menu.o
                0x000004e0                modeNames
 .progmem.data.curveNames
                0x000004e4        0x8 src/menu.o
                0x000004e4                curveNames
 .progmem.data.animationTriggerNames
                0x000004ec        0xe src/menu.o
                0x000004ec                animationTriggerNames
 .progmem.data.animationNames
                0x000004fa       0x12 src/menu.o
                0x000004fa                animationNames
                0x0000050c                . = ALIGN (0x2)
 *(.jumptables)
 *(.jumptables*)
 *(.lowtext)
 *(.lowtext*)
                0x0000050c                __ctors_start = .
 *(.ctors)
                0x0000050c                __ctors_end = .
                0x0000050c                __dtors_start = .
 *(.dtors)
                0x0000050c                __dtors_end = .
 SORT(*)(.ctors)
 SORT(*)(.dtors)
 *(.init0)
 .init0         0x0000050c        0x0 C:/Program Files (x86)/Atmel/Studio/7.0/Packs/atmel/XMEGAA_DFP/1.3.146/gcc/dev/atxmega192a3u/avrxmega6/crtatxmega192a3u.o
                0x0000050c                __init
 *(.init0)
 *(.init1)
 *(.init1)
 *(.init2)
 .init2         0x0000050c       0x10 C:/Program Files (x86)/Atmel/Studio/7.0/Packs/atmel/XMEGAA_DFP/1.3.146/gcc/dev/atxmega192a3u/avrxmega6/crtatxmega192a3u.o
 *(.init2)
 *(.init3)
 *(.init3)
 *(.init4)
 .init4         0x0000051c       0x1a c:/program files (x86)/atmel/studio/7.0/toolchain/avr8/avr8-gnu-toolchain/bin/../lib/gcc/avr/5.4.0/avrxmega6\libgcc.a(_copy_data.o)
                0x0000051c                __do_copy_data
 .init4         0x00000536       0x10 c:/program files (x86)/atmel/studio/7.0/toolchain/avr8/avr8-gnu-toolchain/bin/../lib/gcc/avr/5.4.0/avrxmega6\libgcc.a(_clear_bss.o)
                0x00000536                __do_clear_bss
 *(.init4)
 *(.init5)
 *(.init5)
 *(.init6)
 *(.init6)
 *(.init7)
 *(.init7)
 *(.init8)
 *(.init8)
 *(.init9)
 .init9         0x00000546        0x8 C:/Program Files (x86)/Atmel/Studio/7.0/Packs/atmel/XMEGAA_DFP/1.3.146/gcc/dev/atxmega192a3u/avrxmega6/crtatxmega192a3u.o
 *(.init9)
 *(.text)
 .text          0x0000054e        0x2 C:/Program Files (x86)/Atmel/Studio/7.0/Packs/atmel/XMEGAA_DFP/1.3.146/gcc/dev/atxmega192a3u/avrxmega6/crtatxmega192a3u.o
                0x0000054e                __vector_38
                0x0000054e                __vector_104
                0x0000054e                __vector_22
                0x0000054e                __vector_63
                0x0000054e                __vector_28
                0x0000054e                __vector_67
                0x0000054e                __vector_1
                0x0000054e                __vector_119
                0x0000054e                __vector_32
                0x0000054e                __vector_75
                0x0000054e                __vector_71
                0x0000054e                __vector_91
                0x0000054e                __vector_34
                0x0000054e                __vector_62
                0x0000054e                __vector_102
                0x0000054e                __vector_24
                0x0000054e                __vector_12
                0x0000054e                __vector_55
                0x0000054e                __vector_69
                0x0000054e                __vector_81
                0x0000054e                __vector_90
                0x0000054e                __vector_46
                0x0000054e                __bad_interrupt
                0x0000054e                __vector_122
                0x0000054e                __vector_72
                0x0000054e                __vector_114
                0x0000054e                __vector_6
                0x0000054e                __vector_110
                0x0000054e                __vector_31
                0x0000054e                __vector_92
                0x0000054e                __vector_35
                0x0000054e                __vector_78
                0x0000054e                __vector_74
                0x0000054e                __vector_117
                0x0000054e                __vector_39
                0x0000054e                __vector_107
                0x0000054e                __vector_3
                0x0000054e                __vector_105
                0x0000054e                __vector_98
                0x0000054e                __vector_23
                0x0000054e                __vector_68
                0x0000054e                __vector_30
                0x0000054e                __vector_73
                0x0000054e                __vector_45
                0x0000054e                __vector_25
                0x0000054e                __vector_93
                0x0000054e                __vector_61
                0x0000054e                __vector_11
                0x0000054e                __vector_54
                0x0000054e                __vector_99
                0x0000054e                __vector_13
                0x0000054e                __vector_17
                0x0000054e                __vector_19
                0x0000054e                __vector_56
                0x0000054e                __vector_7
                0x0000054e                __vector_125
                0x0000054e                __vector_49
                0x0000054e                __vector_123
                0x0000054e                __vector_41
                0x0000054e                __vector_86
                0x0000054e                __vector_100
                0x0000054e                __vector_101
                0x0000054e                __vector_109
                0x0000054e                __vector_43
                0x0000054e                __vector_27
                0x0000054e                __vector_5
                0x0000054e                __vector_113
                0x0000054e                __vector_33
                0x0000054e                __vector_76
                0x0000054e                __vector_115
                0x0000054e                __vector_52
                0x0000054e                __vector_37
                0x0000054e                __vector_95
                0x0000054e                __vector_103
                0x0000054e                __vector_96
                0x0000054e                __vector_89
                0x0000054e                __vector_108
                0x0000054e                __vector_44
                0x0000054e                __vector_82
                0x0000054e                __vector_106
                0x0000054e                __vector_118
                0x0000054e                __vector_51
                0x0000054e                __vector_9
                0x0000054e                __vector_2
                0x0000054e                __vector_21
                0x0000054e                __vector_15
                0x0000054e                __vector_66
                0x0000054e                __vector_36
                0x0000054e                __vector_79
                0x0000054e                __vector_58
                0x0000054e                __vector_70
                0x0000054e                __vector_83
                0x0000054e                __vector_29
                0x0000054e                __vector_60
                0x0000054e                __vector_121
                0x0000054e                __vector_40
                0x0000054e                __vector_85
                0x0000054e                __vector_94
                0x0000054e                __vector_126
                0x0000054e                __vector_8
                0x0000054e                __vector_26
                0x0000054e                __vector_48
                0x0000054e                __vector_124
                0x0000054e                __vector_116
                0x0000054e                __vector_112
                0x0000054e                __vector_111
                0x0000054e                __vector_80
                0x0000054e                __vector_84
                0x0000054e                __vector_57
                0x0000054e                __vector_50
                0x0000054e                __vector_16
                0x0000054e                __vector_59
                0x0000054e                __vector_18
                0x0000054e                __vector_97
                0x0000054e                __vector_42
                0x0000054e                __vector_87
                0x0000054e                __vector_65
                0x0000054e                __vector_120
                0x00000550                . = ALIGN (0x2)
 *(.text.*)
 .text.clipValue
                0x00000550       0xa6 src/appbl.o
                0x00000550                clipValue
 .text.updatePixels
                0x000005f6      0x68a src/appbl.o
                0x000005f6                updatePixels
 .text.__vector_20
                0x00000c80      0x1c0 src/appbl.o
                0x00000c80                __vector_20
 .text.__vector_77
                0x00000e40      0x250 src/appbl.o
                0x00000e40                __vector_77
 .text.i2c_init
                0x00001090       0x10 src/i2c.o
                0x00001090                i2c_init
 .text.i2c_start
                0x000010a0       0x40 src/i2c.o
                0x000010a0                i2c_start
 .text.i2c_stop
                0x000010e0        0xc src/i2c.o
                0x000010e0                i2c_stop
 .text.i2c_write
                0x000010ec       0x1c src/i2c.o
                0x000010ec                i2c_write
 .text.i2c_lcd_write_status
                0x00001108       0x1c src/i2c_lcd.o
                0x00001108                i2c_lcd_write_status
 .text.i2c_lcd_data_part
                0x00001124       0x42 src/i2c_lcd.o
                0x00001124                i2c_lcd_data_part
 .text.i2c_lcd_write
                0x00001166       0x54 src/i2c_lcd.o
                0x00001166                i2c_lcd_write
 .text.i2c_lcd_write_instruction
                0x000011ba        0xe src/i2c_lcd.o
                0x000011ba                i2c_lcd_write_instruction
 .text.i2c_lcd_clear
                0x000011c8        0xa src/i2c_lcd.o
                0x000011c8                i2c_lcd_clear
 .text.i2c_lcd_set_cursor
                0x000011d2       0x16 src/i2c_lcd.o
                0x000011d2                i2c_lcd_set_cursor
 .text.i2c_lcd_write_data
                0x000011e8       0x3a src/i2c_lcd.o
                0x000011e8                i2c_lcd_write_data
 .text.i2c_lcd_write_text
                0x00001222       0x1c src/i2c_lcd.o
                0x00001222                i2c_lcd_write_text
 .text.i2c_lcd_led_on
                0x0000123e        0xe src/i2c_lcd.o
                0x0000123e                i2c_lcd_led_on
 .text.i2c_lcd_led_off
                0x0000124c        0xe src/i2c_lcd.o
                0x0000124c                i2c_lcd_led_off
 .text.i2c_lcd_init
                0x0000125a       0x88 src/i2c_lcd.o
                0x0000125a                i2c_lcd_init
 .text.__vector_10
                0x000012e2      0x204 src/main.o
                0x000012e2                __vector_10
 .text.__vector_53
                0x000014e6       0x4a src/main.o
                0x000014e6                __vector_53
 .text.MIDI_SendByte
                0x00001530       0x10 src/main.o
                0x00001530                MIDI_SendByte
 .text.MIDI_SendNoteOn
                0x00001540       0x20 src/main.o
                0x00001540                MIDI_SendNoteOn
 .text.MIDI_SendNoteOff
                0x00001560       0x18 src/main.o
                0x00001560                MIDI_SendNoteOff
 .text.__vector_88
                0x00001578      0x1d0 src/main.o
                0x00001578                __vector_88
 .text.main     0x00001748      0x3a6 src/main.o
                0x00001748                main
 .text.__vector_14
                0x00001aee      0xd10 src/menu.o
                0x00001aee                __vector_14
 .text.WriteConfigToNVM
                0x000027fe       0xc8 src/menu.o
                0x000027fe                WriteConfigToNVM
 .text.ReadConfigFromNVM
                0x000028c6      0x1ca src/menu.o
                0x000028c6                ReadConfigFromNVM
 .text.updateMenuState
                0x00002a90      0x24c src/menu.o
                0x00002a90                updateMenuState
 .text.__vector_47
                0x00002cdc      0x60a src/menu.o
                0x00002cdc                __vector_47
 .text.loadPresetFactory
                0x000032e6       0x6a src/menu.o
                0x000032e6                loadPresetFactory
 .text.__vector_4
                0x00003350       0x84 src/menu.o
                0x00003350                __vector_4
 .text.__vector_64
                0x000033d4      0x2ea src/menu.o
                0x000033d4                __vector_64
 .text.sendPixel
                0x000036be       0xea src/ws2812b.o
                0x000036be                sendPixel
 .text.nvm_eeprom_read_buffer
                0x000037a8       0x30 src/ASF/xmega/drivers/nvm/nvm.o
                0x000037a8                nvm_eeprom_read_buffer
 .text.nvm_eeprom_load_byte_to_buffer
                0x000037d8       0x24 src/ASF/xmega/drivers/nvm/nvm.o
                0x000037d8                nvm_eeprom_load_byte_to_buffer
 .text.nvm_eeprom_load_page_to_buffer
                0x000037fc       0x2c src/ASF/xmega/drivers/nvm/nvm.o
                0x000037fc                nvm_eeprom_load_page_to_buffer
 .text.nvm_eeprom_atomic_write_page
                0x00003828       0x3a src/ASF/xmega/drivers/nvm/nvm.o
                0x00003828                nvm_eeprom_atomic_write_page
 .text.ccp_write_io
                0x00003862        0xc src/ASF/xmega/drivers/cpu/ccp.o
                0x00003862                ccp_write_io
 .text.avr-libc.fplib
                0x0000386e        0x4 c:/program files (x86)/atmel/studio/7.0/toolchain/avr8/avr8-gnu-toolchain/bin/../lib/gcc/avr/5.4.0/../../../../avr/lib/avrxmega6\libm.a(divsf3.o)
                0x0000386e                __divsf3
 .text.avr-libc.fplib
                0x00003872       0xcc c:/program files (x86)/atmel/studio/7.0/toolchain/avr8/avr8-gnu-toolchain/bin/../lib/gcc/avr/5.4.0/../../../../avr/lib/avrxmega6\libm.a(divsf3x.o)
                0x00003888                __divsf3x
                0x0000388c                __divsf3_pse
 .text.avr-libc.fplib
                0x0000393e        0xa c:/program files (x86)/atmel/studio/7.0/toolchain/avr8/avr8-gnu-toolchain/bin/../lib/gcc/avr/5.4.0/../../../../avr/lib/avrxmega6\libm.a(fixsfsi.o)
                0x0000393e                __fixsfsi
 .text.avr-libc.fplib
                0x00003948       0x58 c:/program files (x86)/atmel/studio/7.0/toolchain/avr8/avr8-gnu-toolchain/bin/../lib/gcc/avr/5.4.0/../../../../avr/lib/avrxmega6\libm.a(fixunssfsi.o)
                0x00003948                __fixunssfsi
 .text.avr-libc.fplib
                0x000039a0       0x7a c:/program files (x86)/atmel/studio/7.0/toolchain/avr8/avr8-gnu-toolchain/bin/../lib/gcc/avr/5.4.0/../../../../avr/lib/avrxmega6\libm.a(floatsisf.o)
                0x000039a0                __floatunsisf
                0x000039a4                __floatsisf
 .text.avr-libc.fplib
                0x00003a1a       0x26 c:/program files (x86)/atmel/studio/7.0/toolchain/avr8/avr8-gnu-toolchain/bin/../lib/gcc/avr/5.4.0/../../../../avr/lib/avrxmega6\libm.a(floor.o)
                0x00003a1a                floor
 .text.avr-libc.fplib
                0x00003a40        0xc c:/program files (x86)/atmel/studio/7.0/toolchain/avr8/avr8-gnu-toolchain/bin/../lib/gcc/avr/5.4.0/../../../../avr/lib/avrxmega6\libm.a(fp_inf.o)
                0x00003a40                __fp_inf
 .text.avr-libc.fplib
                0x00003a4c       0x36 c:/program files (x86)/atmel/studio/7.0/toolchain/avr8/avr8-gnu-toolchain/bin/../lib/gcc/avr/5.4.0/../../../../avr/lib/avrxmega6\libm.a(fp_mintl.o)
                0x00003a4c                __fp_mintl
 .text.avr-libc.fplib
                0x00003a82       0x1c c:/program files (x86)/atmel/studio/7.0/toolchain/avr8/avr8-gnu-toolchain/bin/../lib/gcc/avr/5.4.0/../../../../avr/lib/avrxmega6\libm.a(fp_mpack.o)
                0x00003a82                __fp_mpack
                0x00003a86                __fp_mpack_finite
 .text.avr-libc.fplib
                0x00003a9e        0x6 c:/program files (x86)/atmel/studio/7.0/toolchain/avr8/avr8-gnu-toolchain/bin/../lib/gcc/avr/5.4.0/../../../../avr/lib/avrxmega6\libm.a(fp_nan.o)
                0x00003a9e                __fp_nan
 .text.avr-libc.fplib
                0x00003aa4        0xe c:/program files (x86)/atmel/studio/7.0/toolchain/avr8/avr8-gnu-toolchain/bin/../lib/gcc/avr/5.4.0/../../../../avr/lib/avrxmega6\libm.a(fp_pscA.o)
                0x00003aa4                __fp_pscA
 .text.avr-libc.fplib
                0x00003ab2        0xe c:/program files (x86)/atmel/studio/7.0/toolchain/avr8/avr8-gnu-toolchain/bin/../lib/gcc/avr/5.4.0/../../../../avr/lib/avrxmega6\libm.a(fp_pscB.o)
                0x00003ab2                __fp_pscB
 .text.avr-libc.fplib
                0x00003ac0       0x22 c:/program files (x86)/atmel/studio/7.0/toolchain/avr8/avr8-gnu-toolchain/bin/../lib/gcc/avr/5.4.0/../../../../avr/lib/avrxmega6\libm.a(fp_round.o)
                0x00003ac0                __fp_round
 .text.avr-libc.fplib
                0x00003ae2       0x44 c:/program files (x86)/atmel/studio/7.0/toolchain/avr8/avr8-gnu-toolchain/bin/../lib/gcc/avr/5.4.0/../../../../avr/lib/avrxmega6\libm.a(fp_split3.o)
                0x00003ae2                __fp_split3
                0x00003af2                __fp_splitA
 .text.avr-libc.fplib
                0x00003b26       0x2e c:/program files (x86)/atmel/studio/7.0/toolchain/avr8/avr8-gnu-toolchain/bin/../lib/gcc/avr/5.4.0/../../../../avr/lib/avrxmega6\libm.a(fp_trunc.o)
                0x00003b26                __fp_trunc
 .text.avr-libc.fplib
                0x00003b54        0xe c:/program files (x86)/atmel/studio/7.0/toolchain/avr8/avr8-gnu-toolchain/bin/../lib/gcc/avr/5.4.0/../../../../avr/lib/avrxmega6\libm.a(fp_zero.o)
                0x00003b54                __fp_zero
                0x00003b56                __fp_szero
 .text.avr-libc.fplib
                0x00003b62        0x4 c:/program files (x86)/atmel/studio/7.0/toolchain/avr8/avr8-gnu-toolchain/bin/../lib/gcc/avr/5.4.0/../../../../avr/lib/avrxmega6\libm.a(mulsf3.o)
                0x00003b62                __mulsf3
 .text.avr-libc.fplib
                0x00003b66       0xc2 c:/program files (x86)/atmel/studio/7.0/toolchain/avr8/avr8-gnu-toolchain/bin/../lib/gcc/avr/5.4.0/../../../../avr/lib/avrxmega6\libm.a(mulsf3x.o)
                0x00003b7a                __mulsf3x
                0x00003b7e                __mulsf3_pse
 .text.libgcc.div
                0x00003c28       0x28 c:/program files (x86)/atmel/studio/7.0/toolchain/avr8/avr8-gnu-toolchain/bin/../lib/gcc/avr/5.4.0/avrxmega6\libgcc.a(_udivmodhi4.o)
                0x00003c28                __udivmodhi4
 .text.libgcc.div
                0x00003c50       0x26 c:/program files (x86)/atmel/studio/7.0/toolchain/avr8/avr8-gnu-toolchain/bin/../lib/gcc/avr/5.4.0/avrxmega6\libgcc.a(_divmodhi4.o)
                0x00003c50                _div
                0x00003c50                __divmodhi4
 .text.libgcc   0x00003c76       0x10 c:/program files (x86)/atmel/studio/7.0/toolchain/avr8/avr8-gnu-toolchain/bin/../lib/gcc/avr/5.4.0/avrxmega6\libgcc.a(_tablejump2.o)
                0x00003c76                __tablejump2__
 .text.avr-libc
                0x00003c86       0xaa c:/program files (x86)/atmel/studio/7.0/toolchain/avr8/avr8-gnu-toolchain/bin/../lib/gcc/avr/5.4.0/../../../../avr/lib/avrxmega6\libc.a(rand.o)
                0x00003d12                rand_r
                0x00003d14                rand
                0x00003d1a                srand
 .text.avr-libc
                0x00003d30       0x12 c:/program files (x86)/atmel/studio/7.0/toolchain/avr8/avr8-gnu-toolchain/bin/../lib/gcc/avr/5.4.0/../../../../avr/lib/avrxmega6\libc.a(memcpy.o)
                0x00003d30                memcpy
 .text.avr-libc
                0x00003d42        0xe c:/program files (x86)/atmel/studio/7.0/toolchain/avr8/avr8-gnu-toolchain/bin/../lib/gcc/avr/5.4.0/../../../../avr/lib/avrxmega6\libc.a(strcpy.o)
                0x00003d42                strcpy
 .text.avr-libc
                0x00003d50       0x6c c:/program files (x86)/atmel/studio/7.0/toolchain/avr8/avr8-gnu-toolchain/bin/../lib/gcc/avr/5.4.0/../../../../avr/lib/avrxmega6\libc.a(snprintf.o)
                0x00003d50                snprintf
 .text.avr-libc
                0x00003dbc      0x3ee c:/program files (x86)/atmel/studio/7.0/toolchain/avr8/avr8-gnu-toolchain/bin/../lib/gcc/avr/5.4.0/../../../../avr/lib/avrxmega6\libc.a(vfprintf_std.o)
                0x00003dbc                vfprintf
 .text.avr-libc
                0x000041aa       0x16 c:/program files (x86)/atmel/studio/7.0/toolchain/avr8/avr8-gnu-toolchain/bin/../lib/gcc/avr/5.4.0/../../../../avr/lib/avrxmega6\libc.a(strnlen_P.o)
                0x000041aa                strnlen_P
 .text.avr-libc
                0x000041c0       0x16 c:/program files (x86)/atmel/studio/7.0/toolchain/avr8/avr8-gnu-toolchain/bin/../lib/gcc/avr/5.4.0/../../../../avr/lib/avrxmega6\libc.a(strnlen.o)
                0x000041c0                strnlen
 .text.avr-libc
                0x000041d6       0x78 c:/program files (x86)/atmel/studio/7.0/toolchain/avr8/avr8-gnu-toolchain/bin/../lib/gcc/avr/5.4.0/../../../../avr/lib/avrxmega6\libc.a(fputc.o)
                0x000041d6                fputc
 .text.avr-libc
                0x0000424e       0xbc c:/program files (x86)/atmel/studio/7.0/toolchain/avr8/avr8-gnu-toolchain/bin/../lib/gcc/avr/5.4.0/../../../../avr/lib/avrxmega6\libc.a(ultoa_invert.o)
                0x0000424e                __ultoa_invert
 .text.libgcc.div
                0x0000430a       0x28 c:/program files (x86)/atmel/studio/7.0/toolchain/avr8/avr8-gnu-toolchain/bin/../lib/gcc/avr/5.4.0/avrxmega6\libgcc.a(_divmodsi4.o)
                0x0000430a                __divmodsi4
 .text.libgcc.div
                0x00004332       0x10 c:/program files (x86)/atmel/studio/7.0/toolchain/avr8/avr8-gnu-toolchain/bin/../lib/gcc/avr/5.4.0/avrxmega6\libgcc.a(_negsi2.o)
                0x00004332                __negsi2
 .text.libgcc.mul
                0x00004342       0x14 c:/program files (x86)/atmel/studio/7.0/toolchain/avr8/avr8-gnu-toolchain/bin/../lib/gcc/avr/5.4.0/avrxmega6\libgcc.a(_muluhisi3.o)
                0x00004342                __muluhisi3
 .text.libgcc.mul
                0x00004356        0xc c:/program files (x86)/atmel/studio/7.0/toolchain/avr8/avr8-gnu-toolchain/bin/../lib/gcc/avr/5.4.0/avrxmega6\libgcc.a(_mulshisi3.o)
                0x00004356                __mulshisi3
                0x0000435a                __mulohisi3
 .text.libgcc.div
                0x00004362       0x44 c:/program files (x86)/atmel/studio/7.0/toolchain/avr8/avr8-gnu-toolchain/bin/../lib/gcc/avr/5.4.0/avrxmega6\libgcc.a(_udivmodsi4.o)
                0x00004362                __udivmodsi4
 .text.libgcc.mul
                0x000043a6       0x1e c:/program files (x86)/atmel/studio/7.0/toolchain/avr8/avr8-gnu-toolchain/bin/../lib/gcc/avr/5.4.0/avrxmega6\libgcc.a(_umulhisi3.o)
                0x000043a6                __umulhisi3
                0x000043c4                . = ALIGN (0x2)
 *(.fini9)
 .fini9         0x000043c4        0x0 c:/program files (x86)/atmel/studio/7.0/toolchain/avr8/avr8-gnu-toolchain/bin/../lib/gcc/avr/5.4.0/avrxmega6\libgcc.a(_exit.o)
                0x000043c4                _exit
                0x000043c4                exit
 *(.fini9)
 *(.fini8)
 *(.fini8)
 *(.fini7)
 *(.fini7)
 *(.fini6)
 *(.fini6)
 *(.fini5)
 *(.fini5)
 *(.fini4)
 *(.fini4)
 *(.fini3)
 *(.fini3)
 *(.fini2)
 *(.fini2)
 *(.fini1)
 *(.fini1)
 *(.fini0)
 .fini0         0x000043c4        0x4 c:/program files (x86)/atmel/studio/7.0/toolchain/avr8/avr8-gnu-toolchain/bin/../lib/gcc/avr/5.4.0/avrxmega6\libgcc.a(_exit.o)
 *(.fini0)
                0x000043c8                _etext = .

.data           0x00802000      0xdd6 load address 0x000043c8
                0x00802000                PROVIDE (__data_start, .)
 *(.data)
 .data          0x00802000        0x4 c:/program files (x86)/atmel/studio/7.0/toolchain/avr8/avr8-gnu-toolchain/bin/../lib/gcc/avr/5.4.0/../../../../avr/lib/avrxmega6\libc.a(rand.o)
 *(.data*)
 .data.speedCoeficient
                0x00802004        0x2 src/appbl.o
                0x00802004                speedCoeficient
 .data.A_CFIXEDEQ_ARR
                0x00802006       0x46 src/appbl.o
                0x00802006                A_CFIXEDEQ_ARR
 .data.A_CFIXEDEQ_STATE_SIZE
                0x0080204c        0x2 src/appbl.o
                0x0080204c                A_CFIXEDEQ_STATE_SIZE
 .data.A_CFIXEDEQ_SMOOTH
                0x0080204e        0x1 src/appbl.o
                0x0080204e                A_CFIXEDEQ_SMOOTH
 .data.A_CMOVINGEQR_ARR
                0x0080204f       0x6e src/appbl.o
                0x0080204f                A_CMOVINGEQR_ARR
 .data.A_CMOVINGEQ_STATE_SIZE
                0x008020bd        0x2 src/appbl.o
                0x008020bd                A_CMOVINGEQ_STATE_SIZE
 .data.A_CMOVINGEQ_SMOOTH
                0x008020bf        0x1 src/appbl.o
                0x008020bf                A_CMOVINGEQ_SMOOTH
 .data.A_FILLCENTER_ARR
                0x008020c0       0x46 src/appbl.o
                0x008020c0                A_FILLCENTER_ARR
 .data.A_FILLCENTER_STATE_SIZE
                0x00802106        0x2 src/appbl.o
                0x00802106                A_FILLCENTER_STATE_SIZE
 .data.A_FILLCENTER_SMOOTH
                0x00802108        0x1 src/appbl.o
                0x00802108                A_FILLCENTER_SMOOTH
 .data.A_FIXEDEQ_ARR
                0x00802109       0x6e src/appbl.o
                0x00802109                A_FIXEDEQ_ARR
 .data.A_FIXEDEQ_STATE_SIZE
                0x00802177        0x2 src/appbl.o
                0x00802177                A_FIXEDEQ_STATE_SIZE
 .data.A_FIXEDEQ_SMOOTH
                0x00802179        0x1 src/appbl.o
                0x00802179                A_FIXEDEQ_SMOOTH
 .data.A_MOVINGEQ_ARR
                0x0080217a       0x6e src/appbl.o
                0x0080217a                A_MOVINGEQ_ARR
 .data.A_MOVINGEQ_STATE_SIZE
                0x008021e8        0x2 src/appbl.o
                0x008021e8                A_MOVINGEQ_STATE_SIZE
 .data.A_MOVINGEQ_SMOOTH
                0x008021ea        0x1 src/appbl.o
                0x008021ea                A_MOVINGEQ_SMOOTH
 .data.A_PULSES_ARR
                0x008021eb       0x6e src/appbl.o
                0x008021eb                A_PULSES_ARR
 .data.A_PULSES_STATE_SIZE
                0x00802259        0x2 src/appbl.o
                0x00802259                A_PULSES_STATE_SIZE
 .data.A_PULSES_SMOOTH
                0x0080225b        0x1 src/appbl.o
                0x0080225b                A_PULSES_SMOOTH
 .data.A_PULSEC_ARR
                0x0080225c       0x14 src/appbl.o
                0x0080225c                A_PULSEC_ARR
 .data.A_PULSEC_STATE_SIZE
                0x00802270        0x2 src/appbl.o
                0x00802270                A_PULSEC_STATE_SIZE
 .data.A_PULSEC_SMOOTH
                0x00802272        0x1 src/appbl.o
                0x00802272                A_PULSEC_SMOOTH
 .data.A_PULSE_ARR
                0x00802273       0x14 src/appbl.o
                0x00802273                A_PULSE_ARR
 .data.A_PULSE_STATE_SIZE
                0x00802287        0x2 src/appbl.o
                0x00802287                A_PULSE_STATE_SIZE
 .data.A_PULSE_SMOOTH
                0x00802289        0x1 src/appbl.o
                0x00802289                A_PULSE_SMOOTH
 .data.A_FILLL_ARR
                0x0080228a       0x6e src/appbl.o
                0x0080228a                A_FILLL_ARR
 .data.A_FILLL_STATE_SIZE
                0x008022f8        0x2 src/appbl.o
                0x008022f8                A_FILLL_STATE_SIZE
 .data.A_FILLL_SMOOTH
                0x008022fa        0x1 src/appbl.o
                0x008022fa                A_FILLL_SMOOTH
 .data.velocity
                0x008022fb        0x6 src/appbl.o
                0x008022fb                velocity
 .data.note_for_trigger
                0x00802301        0x6 src/appbl.o
                0x00802301                note_for_trigger
 .data.emptyString
                0x00802307       0x10 src/menu.o
                0x00802307                emptyString
 .data.FactoryPresets
                0x00802317       0xdc src/menu.o
                0x00802317                FactoryPresets
 .data.midiNote6
                0x008023f3        0x1 src/menu.o
                0x008023f3                midiNote6
 .data.midiNote5
                0x008023f4        0x1 src/menu.o
                0x008023f4                midiNote5
 .data.midiNote4
                0x008023f5        0x1 src/menu.o
                0x008023f5                midiNote4
 .data.midiNote3
                0x008023f6        0x1 src/menu.o
                0x008023f6                midiNote3
 .data.midiNote2
                0x008023f7        0x1 src/menu.o
                0x008023f7                midiNote2
 .data.midiNote1
                0x008023f8        0x1 src/menu.o
                0x008023f8                midiNote1
 .data.lcdLight
                0x008023f9        0x1 src/menu.o
                0x008023f9                lcdLight
 .data.boxLight
                0x008023fa        0x1 src/menu.o
                0x008023fa                boxLight
 .data.nbPixels6
                0x008023fb        0x1 src/menu.o
                0x008023fb                nbPixels6
 .data.nbPixels5
                0x008023fc        0x1 src/menu.o
                0x008023fc                nbPixels5
 .data.nbPixels4
                0x008023fd        0x1 src/menu.o
                0x008023fd                nbPixels4
 .data.nbPixels3
                0x008023fe        0x1 src/menu.o
                0x008023fe                nbPixels3
 .data.nbPixels2
                0x008023ff        0x1 src/menu.o
                0x008023ff                nbPixels2
 .data.nbPixels1
                0x00802400        0x1 src/menu.o
                0x00802400                nbPixels1
 .data.inputSens6
                0x00802401        0x1 src/menu.o
                0x00802401                inputSens6
 .data.inputSens5
                0x00802402        0x1 src/menu.o
                0x00802402                inputSens5
 .data.inputSens4
                0x00802403        0x1 src/menu.o
                0x00802403                inputSens4
 .data.inputSens3
                0x00802404        0x1 src/menu.o
                0x00802404                inputSens3
 .data.inputSens2
                0x00802405        0x1 src/menu.o
                0x00802405                inputSens2
 .data.inputSens1
                0x00802406        0x1 src/menu.o
                0x00802406                inputSens1
 .data.dimmer   0x00802407        0x1 src/menu.o
                0x00802407                dimmer
 .data.colorB2  0x00802408        0x1 src/menu.o
                0x00802408                colorB2
 .data.colorG2  0x00802409        0x1 src/menu.o
                0x00802409                colorG2
 .data.colorR2  0x0080240a        0x1 src/menu.o
                0x0080240a                colorR2
 .data.colorB1  0x0080240b        0x1 src/menu.o
                0x0080240b                colorB1
 .data.colorG1  0x0080240c        0x1 src/menu.o
                0x0080240c                colorG1
 .data.colorR1  0x0080240d        0x1 src/menu.o
                0x0080240d                colorR1
 .data.release  0x0080240e        0x1 src/menu.o
                0x0080240e                release
 .data.animation
                0x0080240f        0x1 src/menu.o
                0x0080240f                animation
 .data.dmxAddress
                0x00802410        0x1 src/menu.o
                0x00802410                dmxAddress
 .data.valueLCD
                0x00802411        0x2 src/menu.o
                0x00802411                valueLCD
 .data.titleLCD
                0x00802413        0x2 src/menu.o
                0x00802413                titleLCD
 .data.menuLastState
                0x00802415        0x2 src/menu.o
                0x00802415                menuLastState
 *(.gnu.linkonce.d*)
 *(.rodata)
 *(.rodata*)
 .rodata.CURVE_SINFADE_ARR
                0x00802417      0x100 src/appbl.o
                0x00802417                CURVE_SINFADE_ARR
 .rodata.CURVE_LOG_ARR
                0x00802517      0x100 src/appbl.o
                0x00802517                CURVE_LOG_ARR
 .rodata.CURVE_EXP_ARR
                0x00802617      0x100 src/appbl.o
                0x00802617                CURVE_EXP_ARR
 .rodata.CURVE_LINEAR_ARR
                0x00802717      0x100 src/appbl.o
                0x00802717                CURVE_LINEAR_ARR
 .rodata.str1.1
                0x00802817        0xe src/main.o
 .rodata.str1.1
                0x00802825      0x4ff src/menu.o
 .rodata.MENU_L4_USERPRESETS
                0x00802d24       0x2a src/menu.o
                0x00802d24                MENU_L4_USERPRESETS
 .rodata.MENU_L3_USERPRESETS
                0x00802d4e        0x6 src/menu.o
                0x00802d4e                MENU_L3_USERPRESETS
 .rodata.MENU_L3_FACTORYPRESETS
                0x00802d54       0x2a src/menu.o
                0x00802d54                MENU_L3_FACTORYPRESETS
 .rodata.MENU_L2_SETUP
                0x00802d7e       0x1e src/menu.o
                0x00802d7e                MENU_L2_SETUP
 .rodata.MENU_L2_ACTIVATION
                0x00802d9c        0xa src/menu.o
                0x00802d9c                MENU_L2_ACTIVATION
 .rodata.MENU_L2_MIDI
                0x00802da6        0xe src/menu.o
                0x00802da6                MENU_L2_MIDI
 .rodata.MENU_L2_COLORS
                0x00802db4       0x10 src/menu.o
                0x00802db4                MENU_L2_COLORS
 .rodata.MENU_L1
                0x00802dc4       0x12 src/menu.o
                0x00802dc4                MENU_L1
 *(.gnu.linkonce.r*)
                0x00802dd6                . = ALIGN (0x2)
                0x00802dd6                _edata = .
                0x00802dd6                PROVIDE (__data_end, .)

.bss            0x00802dd6      0x2fc
                0x00802dd6                PROVIDE (__bss_start, .)
 *(.bss)
 *(.bss*)
 .bss.direction
                0x00802dd6        0xc src/appbl.o
                0x00802dd6                direction
 .bss.prev_ANIMATION_VALUES
                0x00802de2       0x18 src/appbl.o
                0x00802de2                prev_ANIMATION_VALUES
 .bss.sendNoteOffFlag
                0x00802dfa        0x6 src/appbl.o
                0x00802dfa                sendNoteOffFlag
 .bss.sendNoteOnFlag
                0x00802e00        0x6 src/appbl.o
                0x00802e00                sendNoteOnFlag
 .bss.DISPLAY_PIXELS
                0x00802e06      0x21c src/appbl.o
                0x00802e06                DISPLAY_PIXELS
 .bss.trig      0x00803022        0xc src/appbl.o
                0x00803022                trig
 .bss.ANIMATION_VALUES
                0x0080302e       0x18 src/appbl.o
                0x0080302e                ANIMATION_VALUES
 .bss.lcd_line  0x00803046        0x1 src/i2c_lcd.o
                0x00803046                lcd_line
 .bss.i2c_lcd_status
                0x00803047        0x1 src/i2c_lcd.o
                0x00803047                i2c_lcd_status
 .bss.ferrCount
                0x00803048        0x2 src/main.o
                0x00803048                ferrCount
 .bss.status    0x0080304a        0x2 src/main.o
                0x0080304a                status
 .bss.dmxCount  0x0080304c        0x2 src/main.o
                0x0080304c                dmxCount
 .bss.dmxData   0x0080304e        0x2 src/main.o
                0x0080304e                dmxData
 .bss.lastCounterButton
                0x00803050        0x2 src/menu.o
                0x00803050                lastCounterButton
 .bss.lastCounter
                0x00803052        0x2 src/menu.o
                0x00803052                lastCounter
 .bss.TRIGGER_STATES
                0x00803054       0x18 src/menu.o
                0x00803054                TRIGGER_STATES
 .bss.releaseCurve
                0x0080306c        0x1 src/menu.o
                0x0080306c                releaseCurve
 .bss.animationTrigger
                0x0080306d        0x1 src/menu.o
                0x0080306d                animationTrigger
 .bss.operationMode
                0x0080306e        0x1 src/menu.o
                0x0080306e                operationMode
 .bss.processingEncoder
                0x0080306f        0x2 src/menu.o
                0x0080306f                processingEncoder
 .bss.editingValue
                0x00803071        0x1 src/menu.o
                0x00803071                editingValue
 .bss.menuStates
                0x00803072        0x8 src/menu.o
                0x00803072                menuStates
 .bss.menuState
                0x0080307a        0x2 src/menu.o
                0x0080307a                menuState
 .bss.menuLevel
                0x0080307c        0x2 src/menu.o
                0x0080307c                menuLevel
 .bss.countTCF0
                0x0080307e        0x4 src/menu.o
                0x0080307e                countTCF0
 *(COMMON)
 COMMON         0x00803082       0x50 src/menu.o
                0x00803082                read_page
                0x008030a2                write_page
                0x008030c2                preset_page
                0x008030d2                PROVIDE (__bss_end, .)
                0x000043c8                __data_load_start = LOADADDR (.data)
                0x0000519e                __data_load_end = (__data_load_start + SIZEOF (.data))

.noinit         0x008030d2        0x0
                [!provide]                PROVIDE (__noinit_start, .)
 *(.noinit*)
                [!provide]                PROVIDE (__noinit_end, .)
                0x008030d2                _end = .
                [!provide]                PROVIDE (__heap_start, .)

.eeprom         0x00810000        0x0
 *(.eeprom*)
                0x00810000                __eeprom_end = .

.fuse
 *(.fuse)
 *(.lfuse)
 *(.hfuse)
 *(.efuse)

.lock
 *(.lock*)

.signature
 *(.signature*)

.user_signatures
 *(.user_signatures*)

.stab
 *(.stab)

.stabstr
 *(.stabstr)

.stab.excl
 *(.stab.excl)

.stab.exclstr
 *(.stab.exclstr)

.stab.index
 *(.stab.index)

.stab.indexstr
 *(.stab.indexstr)

.comment        0x00000000       0x5c
 *(.comment)
 .comment       0x00000000       0x30 src/appbl.o
                                 0x31 (size before relaxing)
 .comment       0x00000030       0x31 src/i2c.o
 .comment       0x00000030       0x31 src/i2c_lcd.o
 .comment       0x00000030       0x31 src/main.o
 .comment       0x00000030       0x31 src/menu.o
 .comment       0x00000030       0x31 src/ws2812b.o
 .comment       0x00000030       0x31 src/ASF/xmega/drivers/nvm/nvm.o
 .comment       0x00000030       0x31 c:/program files (x86)/atmel/studio/7.0/toolchain/avr8/avr8-gnu-toolchain/bin/../lib/gcc/avr/5.4.0/../../../../avr/lib/avrxmega6\libc.a(rand.o)
 .comment       0x00000030       0x31 c:/program files (x86)/atmel/studio/7.0/toolchain/avr8/avr8-gnu-toolchain/bin/../lib/gcc/avr/5.4.0/../../../../avr/lib/avrxmega6\libc.a(snprintf.o)
 .comment       0x00000030       0x2c c:/program files (x86)/atmel/studio/7.0/toolchain/avr8/avr8-gnu-toolchain/bin/../lib/gcc/avr/5.4.0/../../../../avr/lib/avrxmega6\libc.a(vfprintf_std.o)
                                 0x2d (size before relaxing)
 .comment       0x0000005c       0x31 c:/program files (x86)/atmel/studio/7.0/toolchain/avr8/avr8-gnu-toolchain/bin/../lib/gcc/avr/5.4.0/../../../../avr/lib/avrxmega6\libc.a(fputc.o)

.note.gnu.avr.deviceinfo
                0x00000000       0x40
 .note.gnu.avr.deviceinfo
                0x00000000       0x40 C:/Program Files (x86)/Atmel/Studio/7.0/Packs/atmel/XMEGAA_DFP/1.3.146/gcc/dev/atxmega192a3u/avrxmega6/crtatxmega192a3u.o

.note.gnu.build-id
 *(.note.gnu.build-id)

.debug
 *(.debug)

.line
 *(.line)

.debug_srcinfo
 *(.debug_srcinfo)

.debug_sfnames
 *(.debug_sfnames)

.debug_aranges  0x00000000      0x2c0
 *(.debug_aranges)
 .debug_aranges
                0x00000000       0x40 src/appbl.o
 .debug_aranges
                0x00000040       0x48 src/i2c.o
 .debug_aranges
                0x00000088       0x78 src/i2c_lcd.o
 .debug_aranges
                0x00000100       0x50 src/main.o
 .debug_aranges
                0x00000150       0x68 src/menu.o
 .debug_aranges
                0x000001b8       0x28 src/ws2812b.o
 .debug_aranges
                0x000001e0       0xc0 src/ASF/xmega/drivers/nvm/nvm.o
 .debug_aranges
                0x000002a0       0x20 src/ASF/xmega/drivers/cpu/ccp.o

.debug_pubnames
 *(.debug_pubnames)

.debug_info     0x00000000     0xa066
 *(.debug_info .gnu.linkonce.wi.*)
 .debug_info    0x00000000     0x3409 C:/Program Files (x86)/Atmel/Studio/7.0/Packs/atmel/XMEGAA_DFP/1.3.146/gcc/dev/atxmega192a3u/avrxmega6/crtatxmega192a3u.o
 .debug_info    0x00003409      0xb65 src/appbl.o
 .debug_info    0x00003f6e      0x395 src/i2c.o
 .debug_info    0x00004303      0x711 src/i2c_lcd.o
 .debug_info    0x00004a14     0x252c src/main.o
 .debug_info    0x00006f40     0x18b5 src/menu.o
 .debug_info    0x000087f5      0x436 src/ws2812b.o
 .debug_info    0x00008c2b     0x13c3 src/ASF/xmega/drivers/nvm/nvm.o
 .debug_info    0x00009fee       0x78 src/ASF/xmega/drivers/cpu/ccp.o

.debug_abbrev   0x00000000     0x41b9
 *(.debug_abbrev)
 .debug_abbrev  0x00000000     0x3148 C:/Program Files (x86)/Atmel/Studio/7.0/Packs/atmel/XMEGAA_DFP/1.3.146/gcc/dev/atxmega192a3u/avrxmega6/crtatxmega192a3u.o
 .debug_abbrev  0x00003148      0x25d src/appbl.o
 .debug_abbrev  0x000033a5      0x12c src/i2c.o
 .debug_abbrev  0x000034d1      0x1a1 src/i2c_lcd.o
 .debug_abbrev  0x00003672      0x34d src/main.o
 .debug_abbrev  0x000039bf      0x2d5 src/menu.o
 .debug_abbrev  0x00003c94      0x154 src/ws2812b.o
 .debug_abbrev  0x00003de8      0x3bd src/ASF/xmega/drivers/nvm/nvm.o
 .debug_abbrev  0x000041a5       0x14 src/ASF/xmega/drivers/cpu/ccp.o

.debug_line     0x00000000     0x4544
 *(.debug_line .debug_line.* .debug_line_end)
 .debug_line    0x00000000      0x39d C:/Program Files (x86)/Atmel/Studio/7.0/Packs/atmel/XMEGAA_DFP/1.3.146/gcc/dev/atxmega192a3u/avrxmega6/crtatxmega192a3u.o
 .debug_line    0x0000039d      0xa55 src/appbl.o
 .debug_line    0x00000df2      0x387 src/i2c.o
 .debug_line    0x00001179      0x590 src/i2c_lcd.o
 .debug_line    0x00001709      0xa1b src/main.o
 .debug_line    0x00002124     0x1208 src/menu.o
 .debug_line    0x0000332c      0x646 src/ws2812b.o
 .debug_line    0x00003972      0xb64 src/ASF/xmega/drivers/nvm/nvm.o
 .debug_line    0x000044d6       0x6e src/ASF/xmega/drivers/cpu/ccp.o

.debug_frame    0x00000000      0xa84
 *(.debug_frame)
 .debug_frame   0x00000000      0x1d4 src/appbl.o
 .debug_frame   0x000001d4       0x74 src/i2c.o
 .debug_frame   0x00000248       0xf0 src/i2c_lcd.o
 .debug_frame   0x00000338      0x1a8 src/main.o
 .debug_frame   0x000004e0      0x238 src/menu.o
 .debug_frame   0x00000718       0x34 src/ws2812b.o
 .debug_frame   0x0000074c      0x338 src/ASF/xmega/drivers/nvm/nvm.o

.debug_str      0x00000000    0x2fa1d
 *(.debug_str)
 .debug_str     0x00000000     0x223b C:/Program Files (x86)/Atmel/Studio/7.0/Packs/atmel/XMEGAA_DFP/1.3.146/gcc/dev/atxmega192a3u/avrxmega6/crtatxmega192a3u.o
 .debug_str     0x0000223b    0x2aba1 src/appbl.o
                              0x2b231 (size before relaxing)
 .debug_str     0x0002cddc      0x1f2 src/i2c.o
                              0x19fb5 (size before relaxing)
 .debug_str     0x0002cfce      0x12d src/i2c_lcd.o
                              0x1a8ab (size before relaxing)
 .debug_str     0x0002d0fb     0x213b src/main.o
                              0x2d091 (size before relaxing)
 .debug_str     0x0002f236      0x2cc src/menu.o
                              0x2b321 (size before relaxing)
 .debug_str     0x0002f502       0x29 src/ws2812b.o
                              0x296f4 (size before relaxing)
 .debug_str     0x0002f52b      0x4f2 src/ASF/xmega/drivers/nvm/nvm.o
                              0x291c3 (size before relaxing)

.debug_loc      0x00000000     0x3920
 *(.debug_loc)
 .debug_loc     0x00000000      0xe8d src/appbl.o
 .debug_loc     0x00000e8d      0x123 src/i2c.o
 .debug_loc     0x00000fb0      0x35d src/i2c_lcd.o
 .debug_loc     0x0000130d      0x625 src/main.o
 .debug_loc     0x00001932      0xbdf src/menu.o
 .debug_loc     0x00002511      0x1ef src/ws2812b.o
 .debug_loc     0x00002700     0x1220 src/ASF/xmega/drivers/nvm/nvm.o

.debug_macinfo
 *(.debug_macinfo)

.debug_weaknames
 *(.debug_weaknames)

.debug_funcnames
 *(.debug_funcnames)

.debug_typenames
 *(.debug_typenames)

.debug_varnames
 *(.debug_varnames)

.debug_pubtypes
 *(.debug_pubtypes)

.debug_ranges   0x00000000      0x2d0
 *(.debug_ranges)
 .debug_ranges  0x00000000       0xb8 src/appbl.o
 .debug_ranges  0x000000b8       0x38 src/i2c.o
 .debug_ranges  0x000000f0       0x68 src/i2c_lcd.o
 .debug_ranges  0x00000158       0x40 src/main.o
 .debug_ranges  0x00000198       0x70 src/menu.o
 .debug_ranges  0x00000208       0x18 src/ws2812b.o
 .debug_ranges  0x00000220       0xb0 src/ASF/xmega/drivers/nvm/nvm.o

.debug_macro    0x00000000     0xa4fb
 *(.debug_macro)
 .debug_macro   0x00000000      0x237 src/appbl.o
 .debug_macro   0x00000237      0xa84 src/appbl.o
 .debug_macro   0x00000cbb       0x10 src/appbl.o
 .debug_macro   0x00000ccb      0x1c9 src/appbl.o
 .debug_macro   0x00000e94      0x2fc src/appbl.o
 .debug_macro   0x00001190       0x9e src/appbl.o
 .debug_macro   0x0000122e     0x6320 src/appbl.o
 .debug_macro   0x0000754e       0x9a src/appbl.o
 .debug_macro   0x000075e8       0xf1 src/appbl.o
 .debug_macro   0x000076d9       0x34 src/appbl.o
 .debug_macro   0x0000770d       0x16 src/appbl.o
 .debug_macro   0x00007723       0x18 src/appbl.o
 .debug_macro   0x0000773b       0x5e src/appbl.o
 .debug_macro   0x00007799       0x10 src/appbl.o
 .debug_macro   0x000077a9       0x22 src/appbl.o
 .debug_macro   0x000077cb      0x16d src/appbl.o
 .debug_macro   0x00007938       0x1c src/appbl.o
 .debug_macro   0x00007954       0x35 src/appbl.o
 .debug_macro   0x00007989       0x66 src/appbl.o
 .debug_macro   0x000079ef      0x64b src/appbl.o
 .debug_macro   0x0000803a       0x97 src/appbl.o
 .debug_macro   0x000080d1       0x17 src/appbl.o
 .debug_macro   0x000080e8      0x250 src/appbl.o
 .debug_macro   0x00008338       0x76 src/appbl.o
 .debug_macro   0x000083ae       0x16 src/appbl.o
 .debug_macro   0x000083c4      0x6e3 src/appbl.o
 .debug_macro   0x00008aa7       0x10 src/appbl.o
 .debug_macro   0x00008ab7      0x175 src/appbl.o
 .debug_macro   0x00008c2c       0x40 src/appbl.o
 .debug_macro   0x00008c6c       0x69 src/appbl.o
 .debug_macro   0x00008cd5       0x32 src/appbl.o
 .debug_macro   0x00008d07       0xe4 src/appbl.o
 .debug_macro   0x00008deb       0x20 src/appbl.o
 .debug_macro   0x00008e0b       0xe8 src/appbl.o
 .debug_macro   0x00008ef3      0x160 src/appbl.o
 .debug_macro   0x00009053       0x46 src/appbl.o
 .debug_macro   0x00009099       0x22 src/appbl.o
 .debug_macro   0x000090bb      0x3a5 src/appbl.o
 .debug_macro   0x00009460       0x34 src/appbl.o
 .debug_macro   0x00009494      0x130 src/appbl.o
 .debug_macro   0x000095c4       0x58 src/appbl.o
 .debug_macro   0x0000961c       0x10 src/appbl.o
 .debug_macro   0x0000962c       0xf2 src/appbl.o
 .debug_macro   0x0000971e       0x16 src/appbl.o
 .debug_macro   0x00009734       0x9a src/i2c.o
 .debug_macro   0x000097ce       0xc0 src/i2c_lcd.o
 .debug_macro   0x0000988e       0x10 src/i2c_lcd.o
 .debug_macro   0x0000989e      0x166 src/i2c_lcd.o
 .debug_macro   0x00009a04       0xaa src/i2c_lcd.o
 .debug_macro   0x00009aae      0x247 src/main.o
 .debug_macro   0x00009cf5      0x232 src/menu.o
 .debug_macro   0x00009f27       0x97 src/menu.o
 .debug_macro   0x00009fbe       0x97 src/menu.o
 .debug_macro   0x0000a055       0x20 src/menu.o
 .debug_macro   0x0000a075       0x86 src/menu.o
 .debug_macro   0x0000a0fb      0x226 src/ws2812b.o
 .debug_macro   0x0000a321       0x1c src/ws2812b.o
 .debug_macro   0x0000a33d      0x198 src/ASF/xmega/drivers/nvm/nvm.o
 .debug_macro   0x0000a4d5       0x26 src/ASF/xmega/drivers/nvm/nvm.o
OUTPUT(ECDLM001_V7.elf elf32-avr)
LOAD linker stubs
